Archive member included to satisfy reference by file (symbol)

/usr/share/MRS2/MRS-linux-x64/resources/app/resources/linux/components/WCH/Toolchain/RISC-V Embedded GCC12/bin/../lib/gcc/riscv-wch-elf/12.2.0/rv32imac_xw/ilp32/libgcc.a(save-restore.o)
                              ./Peripheral/src/ch32x035_flash.o (__riscv_save_7)
/usr/share/MRS2/MRS-linux-x64/resources/app/resources/linux/components/WCH/Toolchain/RISC-V Embedded GCC12/bin/../lib/gcc/riscv-wch-elf/12.2.0/../../../../riscv-wch-elf/lib/rv32imac_xw/ilp32/libprintf.a(wchprintf.o)
                              /tmp/cc5VQiym.ltrans0.ltrans.o (printf)
/usr/share/MRS2/MRS-linux-x64/resources/app/resources/linux/components/WCH/Toolchain/RISC-V Embedded GCC12/bin/../lib/gcc/riscv-wch-elf/12.2.0/../../../../riscv-wch-elf/lib/rv32imac_xw/ilp32/libc.a(lib_a-memcpy.o)
                              /tmp/cc5VQiym.ltrans0.ltrans.o (memcpy)

Discarded input sections

 .text          0x0000000000000000        0x0 /tmp/cc5VQiym.ltrans0.ltrans.o
 .data          0x0000000000000000        0x0 /tmp/cc5VQiym.ltrans0.ltrans.o
 .bss           0x0000000000000000        0x0 /tmp/cc5VQiym.ltrans0.ltrans.o
 .comment       0x0000000000000000       0x34 /tmp/ccykx0cu.debug.temp.o
 .comment       0x0000000000000000       0x34 /tmp/ccdhq2Lh.debug.temp.o
 .comment       0x0000000000000000       0x34 /tmp/ccR7I7H2.debug.temp.o
 .text          0x0000000000000000        0x0 ./User/system_ch32x035.o
 .data          0x0000000000000000        0x0 ./User/system_ch32x035.o
 .bss           0x0000000000000000        0x0 ./User/system_ch32x035.o
 .text          0x0000000000000000        0x0 ./Startup/startup_ch32x035.o
 .data          0x0000000000000000        0x0 ./Startup/startup_ch32x035.o
 .bss           0x0000000000000000        0x0 ./Startup/startup_ch32x035.o
 .text          0x0000000000000000        0x0 ./Peripheral/src/ch32x035_adc.o
 .data          0x0000000000000000        0x0 ./Peripheral/src/ch32x035_adc.o
 .bss           0x0000000000000000        0x0 ./Peripheral/src/ch32x035_adc.o
 .text.ADC_StructInit
                0x0000000000000000       0x1c ./Peripheral/src/ch32x035_adc.o
 .text.ADC_DMACmd
                0x0000000000000000       0x12 ./Peripheral/src/ch32x035_adc.o
 .text.ADC_ITConfig
                0x0000000000000000       0x16 ./Peripheral/src/ch32x035_adc.o
 .text.ADC_GetSoftwareStartConvStatus
                0x0000000000000000        0x8 ./Peripheral/src/ch32x035_adc.o
 .text.ADC_DiscModeChannelCountConfig
                0x0000000000000000       0x12 ./Peripheral/src/ch32x035_adc.o
 .text.ADC_DiscModeCmd
                0x0000000000000000       0x1a ./Peripheral/src/ch32x035_adc.o
 .text.ADC_ExternalTrigConvCmd
                0x0000000000000000       0x18 ./Peripheral/src/ch32x035_adc.o
 .text.ADC_GetDualModeConversionValue
                0x0000000000000000        0xa ./Peripheral/src/ch32x035_adc.o
 .text.ADC_AutoInjectedConvCmd
                0x0000000000000000       0x12 ./Peripheral/src/ch32x035_adc.o
 .text.ADC_InjectedDiscModeCmd
                0x0000000000000000       0x14 ./Peripheral/src/ch32x035_adc.o
 .text.ADC_ExternalTrigInjectedConvConfig
                0x0000000000000000        0xe ./Peripheral/src/ch32x035_adc.o
 .text.ADC_ExternalTrigInjectedConvCmd
                0x0000000000000000       0x14 ./Peripheral/src/ch32x035_adc.o
 .text.ADC_SoftwareStartInjectedConvCmd
                0x0000000000000000       0x18 ./Peripheral/src/ch32x035_adc.o
 .text.ADC_GetSoftwareStartInjectedConvCmdStatus
                0x0000000000000000        0x8 ./Peripheral/src/ch32x035_adc.o
 .text.ADC_InjectedChannelConfig
                0x0000000000000000       0x7a ./Peripheral/src/ch32x035_adc.o
 .text.ADC_InjectedSequencerLengthConfig
                0x0000000000000000       0x14 ./Peripheral/src/ch32x035_adc.o
 .text.ADC_SetInjectedOffset
                0x0000000000000000       0x14 ./Peripheral/src/ch32x035_adc.o
 .text.ADC_GetInjectedConversionValue
                0x0000000000000000       0x1c ./Peripheral/src/ch32x035_adc.o
 .text.ADC_AnalogWatchdogCmd
                0x0000000000000000       0x12 ./Peripheral/src/ch32x035_adc.o
 .text.ADC_AnalogWatchdogThresholdsConfig
                0x0000000000000000        0x6 ./Peripheral/src/ch32x035_adc.o
 .text.ADC_AnalogWatchdog1ThresholdsConfig
                0x0000000000000000        0xc ./Peripheral/src/ch32x035_adc.o
 .text.ADC_AnalogWatchdog2ThresholdsConfig
                0x0000000000000000        0xc ./Peripheral/src/ch32x035_adc.o
 .text.ADC_AnalogWatchdog3ThresholdsConfig
                0x0000000000000000        0xc ./Peripheral/src/ch32x035_adc.o
 .text.ADC_AnalogWatchdogSingleChannelConfig
                0x0000000000000000        0xa ./Peripheral/src/ch32x035_adc.o
 .text.ADC_ClearFlag
                0x0000000000000000        0x8 ./Peripheral/src/ch32x035_adc.o
 .text.ADC_GetITStatus
                0x0000000000000000       0x1c ./Peripheral/src/ch32x035_adc.o
 .text.ADC_ClearITPendingBit
                0x0000000000000000        0xa ./Peripheral/src/ch32x035_adc.o
 .text.ADC_AnalogWatchdogResetCmd
                0x0000000000000000       0x12 ./Peripheral/src/ch32x035_adc.o
 .text.ADC_AnalogWatchdogScanCmd
                0x0000000000000000       0x12 ./Peripheral/src/ch32x035_adc.o
 .text          0x0000000000000000        0x0 ./Peripheral/src/ch32x035_awu.o
 .data          0x0000000000000000        0x0 ./Peripheral/src/ch32x035_awu.o
 .bss           0x0000000000000000        0x0 ./Peripheral/src/ch32x035_awu.o
 .text.AutoWakeUpCmd
                0x0000000000000000       0x18 ./Peripheral/src/ch32x035_awu.o
 .text.AWU_SetPrescaler
                0x0000000000000000       0x12 ./Peripheral/src/ch32x035_awu.o
 .text.AWU_SetWindowValue
                0x0000000000000000       0x22 ./Peripheral/src/ch32x035_awu.o
 .debug_info    0x0000000000000000      0xa51 ./Peripheral/src/ch32x035_awu.o
 .debug_abbrev  0x0000000000000000      0x263 ./Peripheral/src/ch32x035_awu.o
 .debug_loc     0x0000000000000000       0x6c ./Peripheral/src/ch32x035_awu.o
 .debug_aranges
                0x0000000000000000       0x30 ./Peripheral/src/ch32x035_awu.o
 .debug_ranges  0x0000000000000000       0x20 ./Peripheral/src/ch32x035_awu.o
 .debug_line    0x0000000000000000      0x443 ./Peripheral/src/ch32x035_awu.o
 .debug_str     0x0000000000000000      0x645 ./Peripheral/src/ch32x035_awu.o
 .comment       0x0000000000000000       0x34 ./Peripheral/src/ch32x035_awu.o
 .debug_frame   0x0000000000000000       0x48 ./Peripheral/src/ch32x035_awu.o
 .text          0x0000000000000000        0x0 ./Peripheral/src/ch32x035_dbgmcu.o
 .data          0x0000000000000000        0x0 ./Peripheral/src/ch32x035_dbgmcu.o
 .bss           0x0000000000000000        0x0 ./Peripheral/src/ch32x035_dbgmcu.o
 .text.DBGMCU_GetREVID
                0x0000000000000000        0xa ./Peripheral/src/ch32x035_dbgmcu.o
 .text.DBGMCU_GetDEVID
                0x0000000000000000        0xa ./Peripheral/src/ch32x035_dbgmcu.o
 .text.__get_DEBUG_CR
                0x0000000000000000        0x6 ./Peripheral/src/ch32x035_dbgmcu.o
 .text.__set_DEBUG_CR
                0x0000000000000000        0x6 ./Peripheral/src/ch32x035_dbgmcu.o
 .text.DBGMCU_Config
                0x0000000000000000       0x14 ./Peripheral/src/ch32x035_dbgmcu.o
 .text          0x0000000000000000        0x0 ./Peripheral/src/ch32x035_dma.o
 .data          0x0000000000000000        0x0 ./Peripheral/src/ch32x035_dma.o
 .bss           0x0000000000000000        0x0 ./Peripheral/src/ch32x035_dma.o
 .text.DMA_DeInit
                0x0000000000000000       0xa2 ./Peripheral/src/ch32x035_dma.o
 .text.DMA_Init
                0x0000000000000000       0x38 ./Peripheral/src/ch32x035_dma.o
 .text.DMA_StructInit
                0x0000000000000000       0x2e ./Peripheral/src/ch32x035_dma.o
 .text.DMA_Cmd  0x0000000000000000       0x14 ./Peripheral/src/ch32x035_dma.o
 .text.DMA_ITConfig
                0x0000000000000000       0x12 ./Peripheral/src/ch32x035_dma.o
 .text.DMA_SetCurrDataCounter
                0x0000000000000000        0x4 ./Peripheral/src/ch32x035_dma.o
 .text.DMA_GetCurrDataCounter
                0x0000000000000000        0x8 ./Peripheral/src/ch32x035_dma.o
 .text.DMA_GetFlagStatus
                0x0000000000000000        0xe ./Peripheral/src/ch32x035_dma.o
 .text.DMA_ClearFlag
                0x0000000000000000        0x8 ./Peripheral/src/ch32x035_dma.o
 .text.DMA_GetITStatus
                0x0000000000000000       0x18 ./Peripheral/src/ch32x035_dma.o
 .text.DMA_ClearITPendingBit
                0x0000000000000000        0x8 ./Peripheral/src/ch32x035_dma.o
 .debug_info    0x0000000000000000      0xd17 ./Peripheral/src/ch32x035_dma.o
 .debug_abbrev  0x0000000000000000      0x302 ./Peripheral/src/ch32x035_dma.o
 .debug_loc     0x0000000000000000      0x155 ./Peripheral/src/ch32x035_dma.o
 .debug_aranges
                0x0000000000000000       0x60 ./Peripheral/src/ch32x035_dma.o
 .debug_ranges  0x0000000000000000       0x50 ./Peripheral/src/ch32x035_dma.o
 .debug_line    0x0000000000000000      0x83d ./Peripheral/src/ch32x035_dma.o
 .debug_str     0x0000000000000000      0x7fc ./Peripheral/src/ch32x035_dma.o
 .comment       0x0000000000000000       0x34 ./Peripheral/src/ch32x035_dma.o
 .debug_frame   0x0000000000000000       0xcc ./Peripheral/src/ch32x035_dma.o
 .text          0x0000000000000000        0x0 ./Peripheral/src/ch32x035_exti.o
 .data          0x0000000000000000        0x0 ./Peripheral/src/ch32x035_exti.o
 .bss           0x0000000000000000        0x0 ./Peripheral/src/ch32x035_exti.o
 .text.EXTI_DeInit
                0x0000000000000000       0x22 ./Peripheral/src/ch32x035_exti.o
 .text.EXTI_StructInit
                0x0000000000000000       0x12 ./Peripheral/src/ch32x035_exti.o
 .text.EXTI_GenerateSWInterrupt
                0x0000000000000000       0x10 ./Peripheral/src/ch32x035_exti.o
 .text.EXTI_GetFlagStatus
                0x0000000000000000       0x12 ./Peripheral/src/ch32x035_exti.o
 .text.EXTI_ClearFlag
                0x0000000000000000        0xa ./Peripheral/src/ch32x035_exti.o
 .text          0x0000000000000000        0x0 ./Peripheral/src/ch32x035_flash.o
 .data          0x0000000000000000        0x0 ./Peripheral/src/ch32x035_flash.o
 .bss           0x0000000000000000        0x0 ./Peripheral/src/ch32x035_flash.o
 .text.ROM_ERASE
                0x0000000000000000       0xba ./Peripheral/src/ch32x035_flash.o
 .text.FLASH_SetLatency
                0x0000000000000000        0xe ./Peripheral/src/ch32x035_flash.o
 .text.FLASH_Unlock
                0x0000000000000000       0x1a ./Peripheral/src/ch32x035_flash.o
 .text.FLASH_Lock
                0x0000000000000000        0xe ./Peripheral/src/ch32x035_flash.o
 .text.FLASH_GetUserOptionByte
                0x0000000000000000        0xa ./Peripheral/src/ch32x035_flash.o
 .text.FLASH_GetWriteProtectionOptionByte
                0x0000000000000000        0x8 ./Peripheral/src/ch32x035_flash.o
 .text.FLASH_GetReadOutProtectionStatus
                0x0000000000000000        0xc ./Peripheral/src/ch32x035_flash.o
 .text.FLASH_ITConfig
                0x0000000000000000       0x1e ./Peripheral/src/ch32x035_flash.o
 .text.FLASH_GetFlagStatus
                0x0000000000000000       0x1e ./Peripheral/src/ch32x035_flash.o
 .text.FLASH_ClearFlag
                0x0000000000000000        0x8 ./Peripheral/src/ch32x035_flash.o
 .text.FLASH_GetStatus
                0x0000000000000000       0x18 ./Peripheral/src/ch32x035_flash.o
 .text.FLASH_GetBank1Status
                0x0000000000000000       0x18 ./Peripheral/src/ch32x035_flash.o
 .text.FLASH_WaitForLastOperation
                0x0000000000000000       0x34 ./Peripheral/src/ch32x035_flash.o
 .text.FLASH_ErasePage
                0x0000000000000000       0x58 ./Peripheral/src/ch32x035_flash.o
 .text.FLASH_EraseAllPages
                0x0000000000000000       0x54 ./Peripheral/src/ch32x035_flash.o
 .text.FLASH_EraseOptionBytes
                0x0000000000000000       0x82 ./Peripheral/src/ch32x035_flash.o
 .text.FLASH_WaitForLastBank1Operation
                0x0000000000000000       0x18 ./Peripheral/src/ch32x035_flash.o
 .text.FLASH_Unlock_Fast
                0x0000000000000000       0x1e ./Peripheral/src/ch32x035_flash.o
 .text.FLASH_Lock_Fast
                0x0000000000000000        0xe ./Peripheral/src/ch32x035_flash.o
 .text.FLASH_BufReset
                0x0000000000000000       0x34 ./Peripheral/src/ch32x035_flash.o
 .text.FLASH_BufLoad
                0x0000000000000000       0x36 ./Peripheral/src/ch32x035_flash.o
 .text.FLASH_ErasePage_Fast
                0x0000000000000000       0x36 ./Peripheral/src/ch32x035_flash.o
 .text.FLASH_EraseBlock_32K_Fast
                0x0000000000000000       0x3c ./Peripheral/src/ch32x035_flash.o
 .text.FLASH_ProgramPage_Fast
                0x0000000000000000       0x34 ./Peripheral/src/ch32x035_flash.o
 .text.FLASH_OptionBytePR
                0x0000000000000000       0x60 ./Peripheral/src/ch32x035_flash.o
 .text.FLASH_EnableWriteProtection
                0x0000000000000000       0xa6 ./Peripheral/src/ch32x035_flash.o
 .text.FLASH_EnableReadOutProtection
                0x0000000000000000       0x64 ./Peripheral/src/ch32x035_flash.o
 .text.FLASH_UserOptionByteConfig
                0x0000000000000000       0x62 ./Peripheral/src/ch32x035_flash.o
 .text.SystemReset_StartMode
                0x0000000000000000       0x56 ./Peripheral/src/ch32x035_flash.o
 .text.FLASH_ROM_ERASE
                0x0000000000000000      0x1ae ./Peripheral/src/ch32x035_flash.o
 .text.FLASH_ROM_WRITE
                0x0000000000000000       0xf8 ./Peripheral/src/ch32x035_flash.o
 .debug_info    0x0000000000000000     0x13fb ./Peripheral/src/ch32x035_flash.o
 .debug_abbrev  0x0000000000000000      0x477 ./Peripheral/src/ch32x035_flash.o
 .debug_loc     0x0000000000000000      0xb02 ./Peripheral/src/ch32x035_flash.o
 .debug_aranges
                0x0000000000000000      0x108 ./Peripheral/src/ch32x035_flash.o
 .debug_ranges  0x0000000000000000       0xf8 ./Peripheral/src/ch32x035_flash.o
 .debug_line    0x0000000000000000     0x1c6b ./Peripheral/src/ch32x035_flash.o
 .debug_str     0x0000000000000000      0xa8d ./Peripheral/src/ch32x035_flash.o
 .comment       0x0000000000000000       0x34 ./Peripheral/src/ch32x035_flash.o
 .debug_frame   0x0000000000000000      0x2e8 ./Peripheral/src/ch32x035_flash.o
 .text          0x0000000000000000        0x0 ./Peripheral/src/ch32x035_gpio.o
 .data          0x0000000000000000        0x0 ./Peripheral/src/ch32x035_gpio.o
 .bss           0x0000000000000000        0x0 ./Peripheral/src/ch32x035_gpio.o
 .text.GPIO_DeInit
                0x0000000000000000       0x64 ./Peripheral/src/ch32x035_gpio.o
 .text.GPIO_AFIODeInit
                0x0000000000000000       0x28 ./Peripheral/src/ch32x035_gpio.o
 .text.GPIO_StructInit
                0x0000000000000000       0x12 ./Peripheral/src/ch32x035_gpio.o
 .text.GPIO_ReadInputData
                0x0000000000000000        0x4 ./Peripheral/src/ch32x035_gpio.o
 .text.GPIO_ReadOutputDataBit
                0x0000000000000000        0xa ./Peripheral/src/ch32x035_gpio.o
 .text.GPIO_ReadOutputData
                0x0000000000000000        0x4 ./Peripheral/src/ch32x035_gpio.o
 .text.GPIO_Write
                0x0000000000000000        0x4 ./Peripheral/src/ch32x035_gpio.o
 .text.GPIO_PinLockConfig
                0x0000000000000000       0x12 ./Peripheral/src/ch32x035_gpio.o
 .text.GPIO_PinRemapConfig
                0x0000000000000000       0xa0 ./Peripheral/src/ch32x035_gpio.o
 .text.GPIO_IPD_Unused
                0x0000000000000000      0x1f8 ./Peripheral/src/ch32x035_gpio.o
 .text          0x0000000000000000        0x0 ./Peripheral/src/ch32x035_i2c.o
 .data          0x0000000000000000        0x0 ./Peripheral/src/ch32x035_i2c.o
 .bss           0x0000000000000000        0x0 ./Peripheral/src/ch32x035_i2c.o
 .text.I2C_DeInit
                0x0000000000000000       0x3a ./Peripheral/src/ch32x035_i2c.o
 .text.I2C_Init
                0x0000000000000000       0xdc ./Peripheral/src/ch32x035_i2c.o
 .text.I2C_StructInit
                0x0000000000000000       0x18 ./Peripheral/src/ch32x035_i2c.o
 .text.I2C_Cmd  0x0000000000000000       0x18 ./Peripheral/src/ch32x035_i2c.o
 .text.I2C_DMACmd
                0x0000000000000000       0x1e ./Peripheral/src/ch32x035_i2c.o
 .text.I2C_DMALastTransferCmd
                0x0000000000000000       0x16 ./Peripheral/src/ch32x035_i2c.o
 .text.I2C_GenerateSTART
                0x0000000000000000       0x1a ./Peripheral/src/ch32x035_i2c.o
 .text.I2C_GenerateSTOP
                0x0000000000000000       0x1a ./Peripheral/src/ch32x035_i2c.o
 .text.I2C_AcknowledgeConfig
                0x0000000000000000       0x1a ./Peripheral/src/ch32x035_i2c.o
 .text.I2C_OwnAddress2Config
                0x0000000000000000       0x14 ./Peripheral/src/ch32x035_i2c.o
 .text.I2C_DualAddressCmd
                0x0000000000000000       0x18 ./Peripheral/src/ch32x035_i2c.o
 .text.I2C_GeneralCallCmd
                0x0000000000000000       0x1a ./Peripheral/src/ch32x035_i2c.o
 .text.I2C_ITConfig
                0x0000000000000000       0x12 ./Peripheral/src/ch32x035_i2c.o
 .text.I2C_SendData
                0x0000000000000000        0x4 ./Peripheral/src/ch32x035_i2c.o
 .text.I2C_ReceiveData
                0x0000000000000000        0x8 ./Peripheral/src/ch32x035_i2c.o
 .text.I2C_Send7bitAddress
                0x0000000000000000       0x12 ./Peripheral/src/ch32x035_i2c.o
 .text.I2C_ReadRegister
                0x0000000000000000       0x14 ./Peripheral/src/ch32x035_i2c.o
 .text.I2C_SoftwareResetCmd
                0x0000000000000000       0x12 ./Peripheral/src/ch32x035_i2c.o
 .text.I2C_NACKPositionConfig
                0x0000000000000000       0x22 ./Peripheral/src/ch32x035_i2c.o
 .text.I2C_TransmitPEC
                0x0000000000000000       0x16 ./Peripheral/src/ch32x035_i2c.o
 .text.I2C_PECPositionConfig
                0x0000000000000000       0x18 ./Peripheral/src/ch32x035_i2c.o
 .text.I2C_CalculatePEC
                0x0000000000000000       0x1a ./Peripheral/src/ch32x035_i2c.o
 .text.I2C_GetPEC
                0x0000000000000000        0x6 ./Peripheral/src/ch32x035_i2c.o
 .text.I2C_ARPCmd
                0x0000000000000000       0x18 ./Peripheral/src/ch32x035_i2c.o
 .text.I2C_StretchClockCmd
                0x0000000000000000       0x1a ./Peripheral/src/ch32x035_i2c.o
 .text.I2C_FastModeDutyCycleConfig
                0x0000000000000000       0x1a ./Peripheral/src/ch32x035_i2c.o
 .text.I2C_CheckEvent
                0x0000000000000000       0x16 ./Peripheral/src/ch32x035_i2c.o
 .text.I2C_GetLastEvent
                0x0000000000000000        0xe ./Peripheral/src/ch32x035_i2c.o
 .text.I2C_GetFlagStatus
                0x0000000000000000       0x32 ./Peripheral/src/ch32x035_i2c.o
 .text.I2C_ClearFlag
                0x0000000000000000        0xc ./Peripheral/src/ch32x035_i2c.o
 .text.I2C_GetITStatus
                0x0000000000000000       0x20 ./Peripheral/src/ch32x035_i2c.o
 .text.I2C_ClearITPendingBit
                0x0000000000000000        0xc ./Peripheral/src/ch32x035_i2c.o
 .debug_info    0x0000000000000000     0x140a ./Peripheral/src/ch32x035_i2c.o
 .debug_abbrev  0x0000000000000000      0x38b ./Peripheral/src/ch32x035_i2c.o
 .debug_loc     0x0000000000000000      0x75e ./Peripheral/src/ch32x035_i2c.o
 .debug_aranges
                0x0000000000000000      0x108 ./Peripheral/src/ch32x035_i2c.o
 .debug_ranges  0x0000000000000000       0xf8 ./Peripheral/src/ch32x035_i2c.o
 .debug_line    0x0000000000000000     0x10ec ./Peripheral/src/ch32x035_i2c.o
 .debug_str     0x0000000000000000      0xaaa ./Peripheral/src/ch32x035_i2c.o
 .comment       0x0000000000000000       0x34 ./Peripheral/src/ch32x035_i2c.o
 .debug_frame   0x0000000000000000      0x254 ./Peripheral/src/ch32x035_i2c.o
 .text          0x0000000000000000        0x0 ./Peripheral/src/ch32x035_iwdg.o
 .data          0x0000000000000000        0x0 ./Peripheral/src/ch32x035_iwdg.o
 .bss           0x0000000000000000        0x0 ./Peripheral/src/ch32x035_iwdg.o
 .text.IWDG_WriteAccessCmd
                0x0000000000000000        0x8 ./Peripheral/src/ch32x035_iwdg.o
 .text.IWDG_SetPrescaler
                0x0000000000000000        0x8 ./Peripheral/src/ch32x035_iwdg.o
 .text.IWDG_SetReload
                0x0000000000000000        0x8 ./Peripheral/src/ch32x035_iwdg.o
 .text.IWDG_ReloadCounter
                0x0000000000000000        0xe ./Peripheral/src/ch32x035_iwdg.o
 .text.IWDG_Enable
                0x0000000000000000        0xe ./Peripheral/src/ch32x035_iwdg.o
 .text.IWDG_GetFlagStatus
                0x0000000000000000        0xe ./Peripheral/src/ch32x035_iwdg.o
 .debug_info    0x0000000000000000      0xaae ./Peripheral/src/ch32x035_iwdg.o
 .debug_abbrev  0x0000000000000000      0x282 ./Peripheral/src/ch32x035_iwdg.o
 .debug_loc     0x0000000000000000       0x68 ./Peripheral/src/ch32x035_iwdg.o
 .debug_aranges
                0x0000000000000000       0x48 ./Peripheral/src/ch32x035_iwdg.o
 .debug_ranges  0x0000000000000000       0x38 ./Peripheral/src/ch32x035_iwdg.o
 .debug_line    0x0000000000000000      0x42d ./Peripheral/src/ch32x035_iwdg.o
 .debug_str     0x0000000000000000      0x6a8 ./Peripheral/src/ch32x035_iwdg.o
 .comment       0x0000000000000000       0x34 ./Peripheral/src/ch32x035_iwdg.o
 .debug_frame   0x0000000000000000       0x70 ./Peripheral/src/ch32x035_iwdg.o
 .text          0x0000000000000000        0x0 ./Peripheral/src/ch32x035_misc.o
 .data          0x0000000000000000        0x0 ./Peripheral/src/ch32x035_misc.o
 .bss           0x0000000000000000        0x0 ./Peripheral/src/ch32x035_misc.o
 .text          0x0000000000000000        0x0 ./Peripheral/src/ch32x035_opa.o
 .data          0x0000000000000000        0x0 ./Peripheral/src/ch32x035_opa.o
 .bss           0x0000000000000000        0x0 ./Peripheral/src/ch32x035_opa.o
 .text.OPA_Lock
                0x0000000000000000       0x10 ./Peripheral/src/ch32x035_opa.o
 .text.OPA_POLL_Unlock
                0x0000000000000000       0x1a ./Peripheral/src/ch32x035_opa.o
 .text.OPA_POLL_Lock
                0x0000000000000000        0xe ./Peripheral/src/ch32x035_opa.o
 .text.OPA_CMP_Unlock
                0x0000000000000000       0x1a ./Peripheral/src/ch32x035_opa.o
 .text.OPA_CMP_Lock
                0x0000000000000000       0x26 ./Peripheral/src/ch32x035_opa.o
 .text.OPA_StructInit
                0x0000000000000000       0x3a ./Peripheral/src/ch32x035_opa.o
 .text.OPA_CMP_Init
                0x0000000000000000       0x7e ./Peripheral/src/ch32x035_opa.o
 .text.OPA_CMP_StructInit
                0x0000000000000000       0x16 ./Peripheral/src/ch32x035_opa.o
 .text.OPA_CMP_Cmd
                0x0000000000000000       0x32 ./Peripheral/src/ch32x035_opa.o
 .text.OPA_GetFlagStatus
                0x0000000000000000        0xe ./Peripheral/src/ch32x035_opa.o
 .text.OPA_ClearFlag
                0x0000000000000000       0x10 ./Peripheral/src/ch32x035_opa.o
 .sbss.CTLR2_tmp
                0x0000000000000000        0x4 ./Peripheral/src/ch32x035_opa.o
 .text          0x0000000000000000        0x0 ./Peripheral/src/ch32x035_pwr.o
 .data          0x0000000000000000        0x0 ./Peripheral/src/ch32x035_pwr.o
 .bss           0x0000000000000000        0x0 ./Peripheral/src/ch32x035_pwr.o
 .text.PWR_DeInit
                0x0000000000000000       0x2c ./Peripheral/src/ch32x035_pwr.o
 .text.PWR_PVDLevelConfig
                0x0000000000000000       0x10 ./Peripheral/src/ch32x035_pwr.o
 .text.PWR_EnterSTOPMode
                0x0000000000000000       0x7a ./Peripheral/src/ch32x035_pwr.o
 .text.PWR_EnterSTANDBYMode
                0x0000000000000000       0x2c ./Peripheral/src/ch32x035_pwr.o
 .text.PWR_GetFlagStatus
                0x0000000000000000        0xe ./Peripheral/src/ch32x035_pwr.o
 .text.PWR_VDD_SupplyVoltage
                0x0000000000000000       0x56 ./Peripheral/src/ch32x035_pwr.o
 .debug_info    0x0000000000000000      0xeae ./Peripheral/src/ch32x035_pwr.o
 .debug_abbrev  0x0000000000000000      0x344 ./Peripheral/src/ch32x035_pwr.o
 .debug_loc     0x0000000000000000      0x11e ./Peripheral/src/ch32x035_pwr.o
 .debug_aranges
                0x0000000000000000       0x48 ./Peripheral/src/ch32x035_pwr.o
 .debug_ranges  0x0000000000000000       0x78 ./Peripheral/src/ch32x035_pwr.o
 .debug_line    0x0000000000000000      0x66f ./Peripheral/src/ch32x035_pwr.o
 .debug_str     0x0000000000000000      0x7d4 ./Peripheral/src/ch32x035_pwr.o
 .comment       0x0000000000000000       0x34 ./Peripheral/src/ch32x035_pwr.o
 .debug_frame   0x0000000000000000       0x8c ./Peripheral/src/ch32x035_pwr.o
 .text          0x0000000000000000        0x0 ./Peripheral/src/ch32x035_rcc.o
 .data          0x0000000000000000        0x0 ./Peripheral/src/ch32x035_rcc.o
 .bss           0x0000000000000000        0x0 ./Peripheral/src/ch32x035_rcc.o
 .text.RCC_DeInit
                0x0000000000000000       0x24 ./Peripheral/src/ch32x035_rcc.o
 .text.RCC_AdjustHSICalibrationValue
                0x0000000000000000       0x12 ./Peripheral/src/ch32x035_rcc.o
 .text.RCC_HSICmd
                0x0000000000000000       0x14 ./Peripheral/src/ch32x035_rcc.o
 .text.RCC_HCLKConfig
                0x0000000000000000       0x10 ./Peripheral/src/ch32x035_rcc.o
 .text.RCC_AHBPeriphResetCmd
                0x0000000000000000       0x18 ./Peripheral/src/ch32x035_rcc.o
 .text.RCC_APB1PeriphResetCmd
                0x0000000000000000       0x1e ./Peripheral/src/ch32x035_rcc.o
 .text.RCC_MCOConfig
                0x0000000000000000        0x8 ./Peripheral/src/ch32x035_rcc.o
 .text.RCC_GetFlagStatus
                0x0000000000000000       0x20 ./Peripheral/src/ch32x035_rcc.o
 .text.RCC_ClearFlag
                0x0000000000000000       0x10 ./Peripheral/src/ch32x035_rcc.o
 .text          0x0000000000000000        0x0 ./Peripheral/src/ch32x035_spi.o
 .data          0x0000000000000000        0x0 ./Peripheral/src/ch32x035_spi.o
 .bss           0x0000000000000000        0x0 ./Peripheral/src/ch32x035_spi.o
 .text.SPI_I2S_DeInit
                0x0000000000000000       0x32 ./Peripheral/src/ch32x035_spi.o
 .text.SPI_Init
                0x0000000000000000       0x32 ./Peripheral/src/ch32x035_spi.o
 .text.SPI_StructInit
                0x0000000000000000       0x22 ./Peripheral/src/ch32x035_spi.o
 .text.SPI_Cmd  0x0000000000000000       0x1a ./Peripheral/src/ch32x035_spi.o
 .text.SPI_I2S_ITConfig
                0x0000000000000000       0x1e ./Peripheral/src/ch32x035_spi.o
 .text.SPI_I2S_DMACmd
                0x0000000000000000       0x12 ./Peripheral/src/ch32x035_spi.o
 .text.SPI_I2S_SendData
                0x0000000000000000        0x4 ./Peripheral/src/ch32x035_spi.o
 .text.SPI_I2S_ReceiveData
                0x0000000000000000        0x4 ./Peripheral/src/ch32x035_spi.o
 .text.SPI_NSSInternalSoftwareConfig
                0x0000000000000000       0x24 ./Peripheral/src/ch32x035_spi.o
 .text.SPI_SSOutputCmd
                0x0000000000000000       0x18 ./Peripheral/src/ch32x035_spi.o
 .text.SPI_DataSizeConfig
                0x0000000000000000       0x14 ./Peripheral/src/ch32x035_spi.o
 .text.SPI_TransmitCRC
                0x0000000000000000        0xa ./Peripheral/src/ch32x035_spi.o
 .text.SPI_CalculateCRC
                0x0000000000000000       0x16 ./Peripheral/src/ch32x035_spi.o
 .text.SPI_GetCRC
                0x0000000000000000       0x12 ./Peripheral/src/ch32x035_spi.o
 .text.SPI_GetCRCPolynomial
                0x0000000000000000        0x4 ./Peripheral/src/ch32x035_spi.o
 .text.SPI_BiDirectionalLineConfig
                0x0000000000000000       0x1a ./Peripheral/src/ch32x035_spi.o
 .text.SPI_I2S_GetFlagStatus
                0x0000000000000000        0xa ./Peripheral/src/ch32x035_spi.o
 .text.SPI_I2S_ClearFlag
                0x0000000000000000        0xc ./Peripheral/src/ch32x035_spi.o
 .text.SPI_I2S_GetITStatus
                0x0000000000000000       0x28 ./Peripheral/src/ch32x035_spi.o
 .text.SPI_I2S_ClearITPendingBit
                0x0000000000000000       0x14 ./Peripheral/src/ch32x035_spi.o
 .debug_info    0x0000000000000000     0x1072 ./Peripheral/src/ch32x035_spi.o
 .debug_abbrev  0x0000000000000000      0x303 ./Peripheral/src/ch32x035_spi.o
 .debug_loc     0x0000000000000000      0x429 ./Peripheral/src/ch32x035_spi.o
 .debug_aranges
                0x0000000000000000       0xb8 ./Peripheral/src/ch32x035_spi.o
 .debug_ranges  0x0000000000000000       0xa8 ./Peripheral/src/ch32x035_spi.o
 .debug_line    0x0000000000000000      0xa53 ./Peripheral/src/ch32x035_spi.o
 .debug_str     0x0000000000000000      0x942 ./Peripheral/src/ch32x035_spi.o
 .comment       0x0000000000000000       0x34 ./Peripheral/src/ch32x035_spi.o
 .debug_frame   0x0000000000000000      0x15c ./Peripheral/src/ch32x035_spi.o
 .text          0x0000000000000000        0x0 ./Peripheral/src/ch32x035_tim.o
 .data          0x0000000000000000        0x0 ./Peripheral/src/ch32x035_tim.o
 .bss           0x0000000000000000        0x0 ./Peripheral/src/ch32x035_tim.o
 .text.TI1_Config
                0x0000000000000000       0x56 ./Peripheral/src/ch32x035_tim.o
 .text.TI2_Config
                0x0000000000000000       0x68 ./Peripheral/src/ch32x035_tim.o
 .text.TIM_DeInit
                0x0000000000000000       0x76 ./Peripheral/src/ch32x035_tim.o
 .text.TIM_OC1Init
                0x0000000000000000       0x72 ./Peripheral/src/ch32x035_tim.o
 .text.TIM_OC2Init
                0x0000000000000000       0x9e ./Peripheral/src/ch32x035_tim.o
 .text.TIM_OC3Init
                0x0000000000000000       0x9c ./Peripheral/src/ch32x035_tim.o
 .text.TIM_OC4Init
                0x0000000000000000       0x74 ./Peripheral/src/ch32x035_tim.o
 .text.TIM_BDTRConfig
                0x0000000000000000       0x20 ./Peripheral/src/ch32x035_tim.o
 .text.TIM_TimeBaseStructInit
                0x0000000000000000       0x16 ./Peripheral/src/ch32x035_tim.o
 .text.TIM_OCStructInit
                0x0000000000000000       0x22 ./Peripheral/src/ch32x035_tim.o
 .text.TIM_ICStructInit
                0x0000000000000000       0x16 ./Peripheral/src/ch32x035_tim.o
 .text.TIM_BDTRStructInit
                0x0000000000000000       0x1e ./Peripheral/src/ch32x035_tim.o
 .text.TIM_CtrlPWMOutputs
                0x0000000000000000       0x16 ./Peripheral/src/ch32x035_tim.o
 .text.TIM_GenerateEvent
                0x0000000000000000        0x4 ./Peripheral/src/ch32x035_tim.o
 .text.TIM_DMAConfig
                0x0000000000000000        0x8 ./Peripheral/src/ch32x035_tim.o
 .text.TIM_DMACmd
                0x0000000000000000       0x18 ./Peripheral/src/ch32x035_tim.o
 .text.TIM_InternalClockConfig
                0x0000000000000000       0x10 ./Peripheral/src/ch32x035_tim.o
 .text.TIM_ITRxExternalClockConfig
                0x0000000000000000       0x18 ./Peripheral/src/ch32x035_tim.o
 .text.TIM_TIxExternalClockConfig
                0x0000000000000000       0x48 ./Peripheral/src/ch32x035_tim.o
 .text.TIM_ETRConfig
                0x0000000000000000       0x16 ./Peripheral/src/ch32x035_tim.o
 .text.TIM_ETRClockMode1Config
                0x0000000000000000       0x2a ./Peripheral/src/ch32x035_tim.o
 .text.TIM_ETRClockMode2Config
                0x0000000000000000       0x22 ./Peripheral/src/ch32x035_tim.o
 .text.TIM_PrescalerConfig
                0x0000000000000000        0x6 ./Peripheral/src/ch32x035_tim.o
 .text.TIM_CounterModeConfig
                0x0000000000000000       0x10 ./Peripheral/src/ch32x035_tim.o
 .text.TIM_SelectInputTrigger
                0x0000000000000000       0x10 ./Peripheral/src/ch32x035_tim.o
 .text.TIM_EncoderInterfaceConfig
                0x0000000000000000       0x3c ./Peripheral/src/ch32x035_tim.o
 .text.TIM_ForcedOC1Config
                0x0000000000000000       0x10 ./Peripheral/src/ch32x035_tim.o
 .text.TIM_ForcedOC2Config
                0x0000000000000000       0x14 ./Peripheral/src/ch32x035_tim.o
 .text.TIM_ForcedOC3Config
                0x0000000000000000       0x10 ./Peripheral/src/ch32x035_tim.o
 .text.TIM_ForcedOC4Config
                0x0000000000000000       0x14 ./Peripheral/src/ch32x035_tim.o
 .text.TIM_ARRPreloadConfig
                0x0000000000000000       0x1a ./Peripheral/src/ch32x035_tim.o
 .text.TIM_SelectCOM
                0x0000000000000000       0x18 ./Peripheral/src/ch32x035_tim.o
 .text.TIM_SelectCCDMA
                0x0000000000000000       0x18 ./Peripheral/src/ch32x035_tim.o
 .text.TIM_CCPreloadControl
                0x0000000000000000       0x18 ./Peripheral/src/ch32x035_tim.o
 .text.TIM_OC1PreloadConfig
                0x0000000000000000        0xe ./Peripheral/src/ch32x035_tim.o
 .text.TIM_OC2PreloadConfig
                0x0000000000000000       0x16 ./Peripheral/src/ch32x035_tim.o
 .text.TIM_OC3PreloadConfig
                0x0000000000000000        0xe ./Peripheral/src/ch32x035_tim.o
 .text.TIM_OC4PreloadConfig
                0x0000000000000000       0x16 ./Peripheral/src/ch32x035_tim.o
 .text.TIM_OC1FastConfig
                0x0000000000000000        0xe ./Peripheral/src/ch32x035_tim.o
 .text.TIM_OC2FastConfig
                0x0000000000000000       0x16 ./Peripheral/src/ch32x035_tim.o
 .text.TIM_OC3FastConfig
                0x0000000000000000        0xe ./Peripheral/src/ch32x035_tim.o
 .text.TIM_OC4FastConfig
                0x0000000000000000       0x16 ./Peripheral/src/ch32x035_tim.o
 .text.TIM_ClearOC1Ref
                0x0000000000000000       0x10 ./Peripheral/src/ch32x035_tim.o
 .text.TIM_ClearOC2Ref
                0x0000000000000000       0x12 ./Peripheral/src/ch32x035_tim.o
 .text.TIM_ClearOC3Ref
                0x0000000000000000       0x10 ./Peripheral/src/ch32x035_tim.o
 .text.TIM_ClearOC4Ref
                0x0000000000000000       0x12 ./Peripheral/src/ch32x035_tim.o
 .text.TIM_OC1PolarityConfig
                0x0000000000000000        0xe ./Peripheral/src/ch32x035_tim.o
 .text.TIM_OC1NPolarityConfig
                0x0000000000000000        0xe ./Peripheral/src/ch32x035_tim.o
 .text.TIM_OC2PolarityConfig
                0x0000000000000000       0x16 ./Peripheral/src/ch32x035_tim.o
 .text.TIM_OC2NPolarityConfig
                0x0000000000000000       0x16 ./Peripheral/src/ch32x035_tim.o
 .text.TIM_OC3PolarityConfig
                0x0000000000000000       0x16 ./Peripheral/src/ch32x035_tim.o
 .text.TIM_OC3NPolarityConfig
                0x0000000000000000       0x16 ./Peripheral/src/ch32x035_tim.o
 .text.TIM_OC4PolarityConfig
                0x0000000000000000       0x14 ./Peripheral/src/ch32x035_tim.o
 .text.TIM_CCxCmd
                0x0000000000000000       0x20 ./Peripheral/src/ch32x035_tim.o
 .text.TIM_CCxNCmd
                0x0000000000000000       0x20 ./Peripheral/src/ch32x035_tim.o
 .text.TIM_SelectOCxM
                0x0000000000000000       0x4c ./Peripheral/src/ch32x035_tim.o
 .text.TIM_UpdateDisableConfig
                0x0000000000000000       0x18 ./Peripheral/src/ch32x035_tim.o
 .text.TIM_UpdateRequestConfig
                0x0000000000000000       0x18 ./Peripheral/src/ch32x035_tim.o
 .text.TIM_SelectHallSensor
                0x0000000000000000       0x1a ./Peripheral/src/ch32x035_tim.o
 .text.TIM_SelectOnePulseMode
                0x0000000000000000       0x16 ./Peripheral/src/ch32x035_tim.o
 .text.TIM_SelectOutputTrigger
                0x0000000000000000       0x18 ./Peripheral/src/ch32x035_tim.o
 .text.TIM_SelectSlaveMode
                0x0000000000000000       0x16 ./Peripheral/src/ch32x035_tim.o
 .text.TIM_SelectMasterSlaveMode
                0x0000000000000000       0x18 ./Peripheral/src/ch32x035_tim.o
 .text.TIM_SetAutoreload
                0x0000000000000000        0x4 ./Peripheral/src/ch32x035_tim.o
 .text.TIM_SetCompare1
                0x0000000000000000        0x4 ./Peripheral/src/ch32x035_tim.o
 .text.TIM_SetCompare2
                0x0000000000000000        0x4 ./Peripheral/src/ch32x035_tim.o
 .text.TIM_SetCompare3
                0x0000000000000000        0x4 ./Peripheral/src/ch32x035_tim.o
 .text.TIM_SetCompare4
                0x0000000000000000        0x6 ./Peripheral/src/ch32x035_tim.o
 .text.TIM_SetIC1Prescaler
                0x0000000000000000       0x16 ./Peripheral/src/ch32x035_tim.o
 .text.TIM_SetIC2Prescaler
                0x0000000000000000       0x1a ./Peripheral/src/ch32x035_tim.o
 .text.TIM_PWMIConfig
                0x0000000000000000       0x92 ./Peripheral/src/ch32x035_tim.o
 .text.TIM_SetIC3Prescaler
                0x0000000000000000       0x16 ./Peripheral/src/ch32x035_tim.o
 .text.TIM_SetIC4Prescaler
                0x0000000000000000       0x1a ./Peripheral/src/ch32x035_tim.o
 .text.TIM_ICInit
                0x0000000000000000      0x146 ./Peripheral/src/ch32x035_tim.o
 .text.TIM_SetClockDivision
                0x0000000000000000       0x18 ./Peripheral/src/ch32x035_tim.o
 .text.TIM_GetCapture1
                0x0000000000000000        0x4 ./Peripheral/src/ch32x035_tim.o
 .text.TIM_GetCapture2
                0x0000000000000000        0x4 ./Peripheral/src/ch32x035_tim.o
 .text.TIM_GetCapture3
                0x0000000000000000        0x4 ./Peripheral/src/ch32x035_tim.o
 .text.TIM_GetCapture4
                0x0000000000000000        0x6 ./Peripheral/src/ch32x035_tim.o
 .text.TIM_GetCounter
                0x0000000000000000        0x4 ./Peripheral/src/ch32x035_tim.o
 .text.TIM_GetPrescaler
                0x0000000000000000        0x4 ./Peripheral/src/ch32x035_tim.o
 .text.TIM_GetFlagStatus
                0x0000000000000000        0xa ./Peripheral/src/ch32x035_tim.o
 .text.TIM_ClearFlag
                0x0000000000000000        0xc ./Peripheral/src/ch32x035_tim.o
 .text.TIM_CaptureModeCmd
                0x0000000000000000       0x16 ./Peripheral/src/ch32x035_tim.o
 .text.TIM_IndicateCaptureLevelCmd
                0x0000000000000000       0x12 ./Peripheral/src/ch32x035_tim.o
 .text.TIM_OC12_SupersedeModeCmd
                0x0000000000000000       0x1c ./Peripheral/src/ch32x035_tim.o
 .text.TIM_OC34_SupersedeModeCmd
                0x0000000000000000       0x1c ./Peripheral/src/ch32x035_tim.o
 .text          0x0000000000000000        0x0 ./Peripheral/src/ch32x035_usart.o
 .data          0x0000000000000000        0x0 ./Peripheral/src/ch32x035_usart.o
 .bss           0x0000000000000000        0x0 ./Peripheral/src/ch32x035_usart.o
 .text.USART_DeInit
                0x0000000000000000       0x9e ./Peripheral/src/ch32x035_usart.o
 .text.USART_StructInit
                0x0000000000000000       0x18 ./Peripheral/src/ch32x035_usart.o
 .text.USART_ClockInit
                0x0000000000000000       0x1e ./Peripheral/src/ch32x035_usart.o
 .text.USART_ClockStructInit
                0x0000000000000000       0x12 ./Peripheral/src/ch32x035_usart.o
 .text.USART_ITConfig
                0x0000000000000000       0x36 ./Peripheral/src/ch32x035_usart.o
 .text.USART_DMACmd
                0x0000000000000000       0x12 ./Peripheral/src/ch32x035_usart.o
 .text.USART_SetAddress
                0x0000000000000000       0x16 ./Peripheral/src/ch32x035_usart.o
 .text.USART_WakeUpConfig
                0x0000000000000000       0x14 ./Peripheral/src/ch32x035_usart.o
 .text.USART_ReceiverWakeUpCmd
                0x0000000000000000       0x18 ./Peripheral/src/ch32x035_usart.o
 .text.USART_LINBreakDetectLengthConfig
                0x0000000000000000       0x18 ./Peripheral/src/ch32x035_usart.o
 .text.USART_LINCmd
                0x0000000000000000       0x16 ./Peripheral/src/ch32x035_usart.o
 .text.USART_ReceiveData
                0x0000000000000000        0x8 ./Peripheral/src/ch32x035_usart.o
 .text.USART_SendBreak
                0x0000000000000000        0xa ./Peripheral/src/ch32x035_usart.o
 .text.USART_SetGuardTime
                0x0000000000000000       0x12 ./Peripheral/src/ch32x035_usart.o
 .text.USART_SetPrescaler
                0x0000000000000000       0x18 ./Peripheral/src/ch32x035_usart.o
 .text.USART_SmartCardCmd
                0x0000000000000000       0x1a ./Peripheral/src/ch32x035_usart.o
 .text.USART_SmartCardNACKCmd
                0x0000000000000000       0x18 ./Peripheral/src/ch32x035_usart.o
 .text.USART_HalfDuplexCmd
                0x0000000000000000       0x18 ./Peripheral/src/ch32x035_usart.o
 .text.USART_IrDAConfig
                0x0000000000000000       0x16 ./Peripheral/src/ch32x035_usart.o
 .text.USART_IrDACmd
                0x0000000000000000       0x18 ./Peripheral/src/ch32x035_usart.o
 .text.USART_ClearFlag
                0x0000000000000000        0xc ./Peripheral/src/ch32x035_usart.o
 .text.USART_GetITStatus
                0x0000000000000000       0x3c ./Peripheral/src/ch32x035_usart.o
 .text.USART_ClearITPendingBit
                0x0000000000000000       0x14 ./Peripheral/src/ch32x035_usart.o
 .text          0x0000000000000000        0x0 ./Peripheral/src/ch32x035_wwdg.o
 .data          0x0000000000000000        0x0 ./Peripheral/src/ch32x035_wwdg.o
 .bss           0x0000000000000000        0x0 ./Peripheral/src/ch32x035_wwdg.o
 .text.WWDG_DeInit
                0x0000000000000000       0x2e ./Peripheral/src/ch32x035_wwdg.o
 .text.WWDG_SetPrescaler
                0x0000000000000000       0x14 ./Peripheral/src/ch32x035_wwdg.o
 .text.WWDG_SetWindowValue
                0x0000000000000000       0x26 ./Peripheral/src/ch32x035_wwdg.o
 .text.WWDG_EnableIT
                0x0000000000000000       0x12 ./Peripheral/src/ch32x035_wwdg.o
 .text.WWDG_SetCounter
                0x0000000000000000        0xe ./Peripheral/src/ch32x035_wwdg.o
 .text.WWDG_Enable
                0x0000000000000000        0xe ./Peripheral/src/ch32x035_wwdg.o
 .text.WWDG_GetFlagStatus
                0x0000000000000000        0xa ./Peripheral/src/ch32x035_wwdg.o
 .text.WWDG_ClearFlag
                0x0000000000000000        0xa ./Peripheral/src/ch32x035_wwdg.o
 .debug_info    0x0000000000000000      0xb27 ./Peripheral/src/ch32x035_wwdg.o
 .debug_abbrev  0x0000000000000000      0x29d ./Peripheral/src/ch32x035_wwdg.o
 .debug_loc     0x0000000000000000       0xae ./Peripheral/src/ch32x035_wwdg.o
 .debug_aranges
                0x0000000000000000       0x58 ./Peripheral/src/ch32x035_wwdg.o
 .debug_ranges  0x0000000000000000       0x48 ./Peripheral/src/ch32x035_wwdg.o
 .debug_line    0x0000000000000000      0x515 ./Peripheral/src/ch32x035_wwdg.o
 .debug_str     0x0000000000000000      0x6bb ./Peripheral/src/ch32x035_wwdg.o
 .comment       0x0000000000000000       0x34 ./Peripheral/src/ch32x035_wwdg.o
 .debug_frame   0x0000000000000000       0xa4 ./Peripheral/src/ch32x035_wwdg.o
 .text          0x0000000000000000        0x0 ./Debug/debug.o
 .data          0x0000000000000000        0x0 ./Debug/debug.o
 .bss           0x0000000000000000        0x0 ./Debug/debug.o
 .text.SDI_Printf_Enable
                0x0000000000000000       0x2a ./Debug/debug.o
 .text._sbrk    0x0000000000000000       0x2e ./Debug/debug.o
 .sdata.curbrk.4333
                0x0000000000000000        0x4 ./Debug/debug.o
 .text          0x0000000000000000        0x0 ./Core/core_riscv.o
 .data          0x0000000000000000        0x0 ./Core/core_riscv.o
 .bss           0x0000000000000000        0x0 ./Core/core_riscv.o
 .text.__get_MSTATUS
                0x0000000000000000        0x6 ./Core/core_riscv.o
 .text.__set_MSTATUS
                0x0000000000000000        0x6 ./Core/core_riscv.o
 .text.__get_MISA
                0x0000000000000000        0x6 ./Core/core_riscv.o
 .text.__set_MISA
                0x0000000000000000        0x6 ./Core/core_riscv.o
 .text.__get_MTVEC
                0x0000000000000000        0x6 ./Core/core_riscv.o
 .text.__set_MTVEC
                0x0000000000000000        0x6 ./Core/core_riscv.o
 .text.__get_MSCRATCH
                0x0000000000000000        0x6 ./Core/core_riscv.o
 .text.__set_MSCRATCH
                0x0000000000000000        0x6 ./Core/core_riscv.o
 .text.__set_MEPC
                0x0000000000000000        0x6 ./Core/core_riscv.o
 .text.__set_MCAUSE
                0x0000000000000000        0x6 ./Core/core_riscv.o
 .text.__set_MTVAL
                0x0000000000000000        0x6 ./Core/core_riscv.o
 .text.__get_MVENDORID
                0x0000000000000000        0x6 ./Core/core_riscv.o
 .text.__get_MARCHID
                0x0000000000000000        0x6 ./Core/core_riscv.o
 .text.__get_MIMPID
                0x0000000000000000        0x6 ./Core/core_riscv.o
 .text.__get_MHARTID
                0x0000000000000000        0x6 ./Core/core_riscv.o
 .text.__get_SP
                0x0000000000000000        0x4 ./Core/core_riscv.o
 .data          0x0000000000000000        0x0 /usr/share/MRS2/MRS-linux-x64/resources/app/resources/linux/components/WCH/Toolchain/RISC-V Embedded GCC12/bin/../lib/gcc/riscv-wch-elf/12.2.0/rv32imac_xw/ilp32/libgcc.a(save-restore.o)
 .bss           0x0000000000000000        0x0 /usr/share/MRS2/MRS-linux-x64/resources/app/resources/linux/components/WCH/Toolchain/RISC-V Embedded GCC12/bin/../lib/gcc/riscv-wch-elf/12.2.0/rv32imac_xw/ilp32/libgcc.a(save-restore.o)
 .eh_frame      0x0000000000000000       0xf8 /usr/share/MRS2/MRS-linux-x64/resources/app/resources/linux/components/WCH/Toolchain/RISC-V Embedded GCC12/bin/../lib/gcc/riscv-wch-elf/12.2.0/rv32imac_xw/ilp32/libgcc.a(save-restore.o)
 .text          0x0000000000000000        0x0 /usr/share/MRS2/MRS-linux-x64/resources/app/resources/linux/components/WCH/Toolchain/RISC-V Embedded GCC12/bin/../lib/gcc/riscv-wch-elf/12.2.0/../../../../riscv-wch-elf/lib/rv32imac_xw/ilp32/libprintf.a(wchprintf.o)
 .data          0x0000000000000000        0x0 /usr/share/MRS2/MRS-linux-x64/resources/app/resources/linux/components/WCH/Toolchain/RISC-V Embedded GCC12/bin/../lib/gcc/riscv-wch-elf/12.2.0/../../../../riscv-wch-elf/lib/rv32imac_xw/ilp32/libprintf.a(wchprintf.o)
 .bss           0x0000000000000000        0x0 /usr/share/MRS2/MRS-linux-x64/resources/app/resources/linux/components/WCH/Toolchain/RISC-V Embedded GCC12/bin/../lib/gcc/riscv-wch-elf/12.2.0/../../../../riscv-wch-elf/lib/rv32imac_xw/ilp32/libprintf.a(wchprintf.o)
 .text.sprintf  0x0000000000000000       0x2c /usr/share/MRS2/MRS-linux-x64/resources/app/resources/linux/components/WCH/Toolchain/RISC-V Embedded GCC12/bin/../lib/gcc/riscv-wch-elf/12.2.0/../../../../riscv-wch-elf/lib/rv32imac_xw/ilp32/libprintf.a(wchprintf.o)
 .text.snprintf
                0x0000000000000000       0x2e /usr/share/MRS2/MRS-linux-x64/resources/app/resources/linux/components/WCH/Toolchain/RISC-V Embedded GCC12/bin/../lib/gcc/riscv-wch-elf/12.2.0/../../../../riscv-wch-elf/lib/rv32imac_xw/ilp32/libprintf.a(wchprintf.o)
 .text.putchar  0x0000000000000000       0x1c /usr/share/MRS2/MRS-linux-x64/resources/app/resources/linux/components/WCH/Toolchain/RISC-V Embedded GCC12/bin/../lib/gcc/riscv-wch-elf/12.2.0/../../../../riscv-wch-elf/lib/rv32imac_xw/ilp32/libprintf.a(wchprintf.o)
 .text          0x0000000000000000        0x0 /usr/share/MRS2/MRS-linux-x64/resources/app/resources/linux/components/WCH/Toolchain/RISC-V Embedded GCC12/bin/../lib/gcc/riscv-wch-elf/12.2.0/../../../../riscv-wch-elf/lib/rv32imac_xw/ilp32/libc.a(lib_a-memcpy.o)
 .data          0x0000000000000000        0x0 /usr/share/MRS2/MRS-linux-x64/resources/app/resources/linux/components/WCH/Toolchain/RISC-V Embedded GCC12/bin/../lib/gcc/riscv-wch-elf/12.2.0/../../../../riscv-wch-elf/lib/rv32imac_xw/ilp32/libc.a(lib_a-memcpy.o)
 .bss           0x0000000000000000        0x0 /usr/share/MRS2/MRS-linux-x64/resources/app/resources/linux/components/WCH/Toolchain/RISC-V Embedded GCC12/bin/../lib/gcc/riscv-wch-elf/12.2.0/../../../../riscv-wch-elf/lib/rv32imac_xw/ilp32/libc.a(lib_a-memcpy.o)

Memory Configuration

Name             Origin             Length             Attributes
FLASH            0x0000000000000000 0x000000000000f800 xr
RAM              0x0000000020000000 0x0000000000005000 xrw
*default*        0x0000000000000000 0xffffffffffffffff

Linker script and memory map

LOAD ./User/ch32x035_it.o
LOAD /tmp/cc5VQiym.ltrans0.ltrans.o
LOAD /tmp/ccykx0cu.debug.temp.o
LOAD /tmp/ccdhq2Lh.debug.temp.o
LOAD /tmp/ccR7I7H2.debug.temp.o
LOAD ./User/iic.o
LOAD ./User/main.o
LOAD ./User/system_ch32x035.o
LOAD ./Startup/startup_ch32x035.o
LOAD ./Peripheral/src/ch32x035_adc.o
LOAD ./Peripheral/src/ch32x035_awu.o
LOAD ./Peripheral/src/ch32x035_dbgmcu.o
LOAD ./Peripheral/src/ch32x035_dma.o
LOAD ./Peripheral/src/ch32x035_exti.o
LOAD ./Peripheral/src/ch32x035_flash.o
LOAD ./Peripheral/src/ch32x035_gpio.o
LOAD ./Peripheral/src/ch32x035_i2c.o
LOAD ./Peripheral/src/ch32x035_iwdg.o
LOAD ./Peripheral/src/ch32x035_misc.o
LOAD ./Peripheral/src/ch32x035_opa.o
LOAD ./Peripheral/src/ch32x035_pwr.o
LOAD ./Peripheral/src/ch32x035_rcc.o
LOAD ./Peripheral/src/ch32x035_spi.o
LOAD ./Peripheral/src/ch32x035_tim.o
LOAD ./Peripheral/src/ch32x035_usart.o
LOAD ./Peripheral/src/ch32x035_wwdg.o
LOAD ./Debug/debug.o
LOAD ./Core/core_riscv.o
LOAD /usr/share/MRS2/MRS-linux-x64/resources/app/resources/linux/components/WCH/Toolchain/RISC-V Embedded GCC12/bin/../lib/gcc/riscv-wch-elf/12.2.0/../../../../riscv-wch-elf/lib/rv32imac_xw/ilp32/libprintf.a
LOAD /usr/share/MRS2/MRS-linux-x64/resources/app/resources/linux/components/WCH/Toolchain/RISC-V Embedded GCC12/bin/../lib/gcc/riscv-wch-elf/12.2.0/rv32imac_xw/ilp32/libgcc.a
START GROUP
LOAD /usr/share/MRS2/MRS-linux-x64/resources/app/resources/linux/components/WCH/Toolchain/RISC-V Embedded GCC12/bin/../lib/gcc/riscv-wch-elf/12.2.0/../../../../riscv-wch-elf/lib/rv32imac_xw/ilp32/libc.a
END GROUP
LOAD /usr/share/MRS2/MRS-linux-x64/resources/app/resources/linux/components/WCH/Toolchain/RISC-V Embedded GCC12/bin/../lib/gcc/riscv-wch-elf/12.2.0/rv32imac_xw/ilp32/libgcc.a
START GROUP
LOAD /usr/share/MRS2/MRS-linux-x64/resources/app/resources/linux/components/WCH/Toolchain/RISC-V Embedded GCC12/bin/../lib/gcc/riscv-wch-elf/12.2.0/rv32imac_xw/ilp32/libgcc.a
LOAD /usr/share/MRS2/MRS-linux-x64/resources/app/resources/linux/components/WCH/Toolchain/RISC-V Embedded GCC12/bin/../lib/gcc/riscv-wch-elf/12.2.0/../../../../riscv-wch-elf/lib/rv32imac_xw/ilp32/libc.a
LOAD /usr/share/MRS2/MRS-linux-x64/resources/app/resources/linux/components/WCH/Toolchain/RISC-V Embedded GCC12/bin/../lib/gcc/riscv-wch-elf/12.2.0/../../../../riscv-wch-elf/lib/rv32imac_xw/ilp32/libnosys.a
END GROUP
                0x0000000000000800                __stack_size = 0x800
                [!provide]                        PROVIDE (_stack_size = __stack_size)

.init           0x0000000000000000        0x4
                0x0000000000000000                _sinit = .
                0x0000000000000000                . = ALIGN (0x4)
 *(SORT_NONE(.init))
 .init          0x0000000000000000        0x4 ./Startup/startup_ch32x035.o
                0x0000000000000000                _start
                0x0000000000000004                . = ALIGN (0x4)
                0x0000000000000004                _einit = .

.vector         0x0000000000000004       0xfc
 *(.vector)
 .vector        0x0000000000000004       0xdc ./Startup/startup_ch32x035.o
                0x0000000000000100                . = ALIGN (0x40)
 *fill*         0x00000000000000e0       0x20 

.text           0x0000000000000100     0x5c8c
                0x0000000000000100                . = ALIGN (0x4)
 *(.text)
 .text          0x0000000000000100       0x60 /usr/share/MRS2/MRS-linux-x64/resources/app/resources/linux/components/WCH/Toolchain/RISC-V Embedded GCC12/bin/../lib/gcc/riscv-wch-elf/12.2.0/rv32imac_xw/ilp32/libgcc.a(save-restore.o)
                0x0000000000000100                __riscv_save_12
                0x0000000000000108                __riscv_save_8
                0x0000000000000108                __riscv_save_11
                0x0000000000000108                __riscv_save_9
                0x0000000000000108                __riscv_save_10
                0x0000000000000116                __riscv_save_7
                0x0000000000000116                __riscv_save_4
                0x0000000000000116                __riscv_save_6
                0x0000000000000116                __riscv_save_5
                0x0000000000000130                __riscv_save_1
                0x0000000000000130                __riscv_save_3
                0x0000000000000130                __riscv_save_2
                0x0000000000000130                __riscv_save_0
                0x000000000000013c                __riscv_restore_12
                0x0000000000000140                __riscv_restore_10
                0x0000000000000140                __riscv_restore_11
                0x0000000000000140                __riscv_restore_8
                0x0000000000000140                __riscv_restore_9
                0x000000000000014a                __riscv_restore_5
                0x000000000000014a                __riscv_restore_6
                0x000000000000014a                __riscv_restore_4
                0x000000000000014a                __riscv_restore_7
                0x0000000000000154                __riscv_restore_3
                0x0000000000000154                __riscv_restore_2
                0x0000000000000154                __riscv_restore_0
                0x0000000000000154                __riscv_restore_1
 *(.text.*)
 .text.PD_Send  0x0000000000000160       0xaa /tmp/cc5VQiym.ltrans0.ltrans.o
 .text.__assert
                0x000000000000020a       0x24 /tmp/cc5VQiym.ltrans0.ltrans.o
 .text.PD_Test_DP_S
                0x000000000000022e       0xaa /tmp/cc5VQiym.ltrans0.ltrans.o
 .text.IIC_Start
                0x00000000000002d8       0x62 /tmp/cc5VQiym.ltrans0.ltrans.o
 .text.IIC_SendByte
                0x000000000000033a       0x62 /tmp/cc5VQiym.ltrans0.ltrans.o
 .text.IIC_WaitAck
                0x000000000000039c       0x64 /tmp/cc5VQiym.ltrans0.ltrans.o
 .text.IIC_ReadRegI.constprop.0
                0x0000000000000400      0x462 /tmp/cc5VQiym.ltrans0.ltrans.o
 .text.IIC_ReadReg.constprop.2.isra.0
                0x0000000000000862      0x464 /tmp/cc5VQiym.ltrans0.ltrans.o
 .text.IIC_ReadReg.constprop.1.isra.0
                0x0000000000000cc6      0x458 /tmp/cc5VQiym.ltrans0.ltrans.o
 .text.IIC_ReadReg.constprop.0.isra.0
                0x000000000000111e      0x46a /tmp/cc5VQiym.ltrans0.ltrans.o
 .text.IIC_ReadReg.isra.0
                0x0000000000001588      0x156 /tmp/cc5VQiym.ltrans0.ltrans.o
 .text.IIC_WriteRegI.isra.0
                0x00000000000016de      0x36e /tmp/cc5VQiym.ltrans0.ltrans.o
 .text.GPIO_OUT_INIT
                0x0000000000001a4c       0x24 /tmp/cc5VQiym.ltrans0.ltrans.o
 .text.WS2812_SetColor
                0x0000000000001a70       0x7c /tmp/cc5VQiym.ltrans0.ltrans.o
 .text.PD_PHY_Reset
                0x0000000000001aec       0x9e /tmp/cc5VQiym.ltrans0.ltrans.o
 .text.PD_Listen_Default
                0x0000000000001b8a       0xc6 /tmp/cc5VQiym.ltrans0.ltrans.o
 .text.PD_Send_Retry
                0x0000000000001c50       0xca /tmp/cc5VQiym.ltrans0.ltrans.o
 .text.PD_Send_Retry_Rst.part.0
                0x0000000000001d1a       0xc6 /tmp/cc5VQiym.ltrans0.ltrans.o
 .text.PD_Listen_Ready
                0x0000000000001de0      0x128 /tmp/cc5VQiym.ltrans0.ltrans.o
 .text.PD_Delay
                0x0000000000001f08      0x308 /tmp/cc5VQiym.ltrans0.ltrans.o
 .text.PD_SendRecv_VDM.constprop.0
                0x0000000000002210      0x160 /tmp/cc5VQiym.ltrans0.ltrans.o
 .text.NMI_Handler
                0x0000000000002370       0x10 /tmp/cc5VQiym.ltrans0.ltrans.o
                0x0000000000002370                NMI_Handler
 .text.HardFault_Handler
                0x0000000000002380       0x88 /tmp/cc5VQiym.ltrans0.ltrans.o
                0x0000000000002380                HardFault_Handler
 .text.EXTI15_8_IRQHandler
                0x0000000000002408       0x5a /tmp/cc5VQiym.ltrans0.ltrans.o
                0x0000000000002408                EXTI15_8_IRQHandler
 .text.TIM1_UP_IRQHandler
                0x0000000000002462       0x38 /tmp/cc5VQiym.ltrans0.ltrans.o
                0x0000000000002462                TIM1_UP_IRQHandler
 .text.USBPD_IRQHandler
                0x000000000000249a       0xe2 /tmp/cc5VQiym.ltrans0.ltrans.o
                0x000000000000249a                USBPD_IRQHandler
 .text.startup.main
                0x000000000000257c     0x1cc2 /tmp/cc5VQiym.ltrans0.ltrans.o
                0x000000000000257c                main
 .text.SystemInit
                0x000000000000423e       0x4a ./User/system_ch32x035.o
                0x000000000000423e                SystemInit
 .text.SystemCoreClockUpdate
                0x0000000000004288       0x3e ./User/system_ch32x035.o
                0x0000000000004288                SystemCoreClockUpdate
 .text.vector_handler
                0x00000000000042c6        0x2 ./Startup/startup_ch32x035.o
                0x00000000000042c6                TIM1_CC_IRQHandler
                0x00000000000042c6                TIM2_UP_IRQHandler
                0x00000000000042c6                SysTick_Handler
                0x00000000000042c6                PVD_IRQHandler
                0x00000000000042c6                EXTI25_16_IRQHandler
                0x00000000000042c6                USBFS_IRQHandler
                0x00000000000042c6                Break_Point_Handler
                0x00000000000042c6                TIM2_TRG_COM_IRQHandler
                0x00000000000042c6                TIM2_CC_IRQHandler
                0x00000000000042c6                SPI1_IRQHandler
                0x00000000000042c6                AWU_IRQHandler
                0x00000000000042c6                EXTI7_0_IRQHandler
                0x00000000000042c6                Ecall_M_Mode_Handler
                0x00000000000042c6                DMA1_Channel4_IRQHandler
                0x00000000000042c6                ADC1_IRQHandler
                0x00000000000042c6                TIM2_BRK_IRQHandler
                0x00000000000042c6                USART3_IRQHandler
                0x00000000000042c6                DMA1_Channel7_IRQHandler
                0x00000000000042c6                USBPDWakeUp_IRQHandler
                0x00000000000042c6                I2C1_EV_IRQHandler
                0x00000000000042c6                USART4_IRQHandler
                0x00000000000042c6                DMA1_Channel6_IRQHandler
                0x00000000000042c6                TIM3_IRQHandler
                0x00000000000042c6                TIM1_TRG_COM_IRQHandler
                0x00000000000042c6                DMA1_Channel1_IRQHandler
                0x00000000000042c6                DMA1_Channel8_IRQHandler
                0x00000000000042c6                PIOC_IRQHandler
                0x00000000000042c6                DMA1_Channel5_IRQHandler
                0x00000000000042c6                DMA1_Channel3_IRQHandler
                0x00000000000042c6                WWDG_IRQHandler
                0x00000000000042c6                Ecall_U_Mode_Handler
                0x00000000000042c6                SW_Handler
                0x00000000000042c6                TIM1_BRK_IRQHandler
                0x00000000000042c6                OPA_IRQHandler
                0x00000000000042c6                USART2_IRQHandler
                0x00000000000042c6                DMA1_Channel2_IRQHandler
                0x00000000000042c6                FLASH_IRQHandler
                0x00000000000042c6                USBFSWakeUp_IRQHandler
                0x00000000000042c6                USART1_IRQHandler
                0x00000000000042c6                I2C1_ER_IRQHandler
 .text.handle_reset
                0x00000000000042c8       0x86 ./Startup/startup_ch32x035.o
                0x00000000000042c8                handle_reset
 .text.ADC_DeInit
                0x000000000000434e       0x26 ./Peripheral/src/ch32x035_adc.o
                0x000000000000434e                ADC_DeInit
 .text.ADC_Init
                0x0000000000004374       0x56 ./Peripheral/src/ch32x035_adc.o
                0x0000000000004374                ADC_Init
 .text.ADC_Cmd  0x00000000000043ca       0x10 ./Peripheral/src/ch32x035_adc.o
                0x00000000000043ca                ADC_Cmd
 .text.ADC_SoftwareStartConvCmd
                0x00000000000043da       0x18 ./Peripheral/src/ch32x035_adc.o
                0x00000000000043da                ADC_SoftwareStartConvCmd
 .text.ADC_RegularChannelConfig
                0x00000000000043f2       0xb8 ./Peripheral/src/ch32x035_adc.o
                0x00000000000043f2                ADC_RegularChannelConfig
 .text.ADC_GetConversionValue
                0x00000000000044aa        0x8 ./Peripheral/src/ch32x035_adc.o
                0x00000000000044aa                ADC_GetConversionValue
 .text.ADC_GetFlagStatus
                0x00000000000044b2        0xa ./Peripheral/src/ch32x035_adc.o
                0x00000000000044b2                ADC_GetFlagStatus
 .text.ADC_CLKConfig
                0x00000000000044bc        0xc ./Peripheral/src/ch32x035_adc.o
                0x00000000000044bc                ADC_CLKConfig
 .text.DBGMCU_GetCHIPID
                0x00000000000044c8        0xa ./Peripheral/src/ch32x035_dbgmcu.o
                0x00000000000044c8                DBGMCU_GetCHIPID
 .text.EXTI_Init
                0x00000000000044d2       0x6a ./Peripheral/src/ch32x035_exti.o
                0x00000000000044d2                EXTI_Init
 .text.EXTI_GetITStatus
                0x000000000000453c       0x1e ./Peripheral/src/ch32x035_exti.o
                0x000000000000453c                EXTI_GetITStatus
 .text.EXTI_ClearITPendingBit
                0x000000000000455a        0xa ./Peripheral/src/ch32x035_exti.o
                0x000000000000455a                EXTI_ClearITPendingBit
 .text.GPIO_Init
                0x0000000000004564      0x18e ./Peripheral/src/ch32x035_gpio.o
                0x0000000000004564                GPIO_Init
 .text.GPIO_ReadInputDataBit
                0x00000000000046f2        0xa ./Peripheral/src/ch32x035_gpio.o
                0x00000000000046f2                GPIO_ReadInputDataBit
 .text.GPIO_SetBits
                0x00000000000046fc        0xe ./Peripheral/src/ch32x035_gpio.o
                0x00000000000046fc                GPIO_SetBits
 .text.GPIO_ResetBits
                0x000000000000470a        0x4 ./Peripheral/src/ch32x035_gpio.o
                0x000000000000470a                GPIO_ResetBits
 .text.GPIO_WriteBit
                0x000000000000470e       0x14 ./Peripheral/src/ch32x035_gpio.o
                0x000000000000470e                GPIO_WriteBit
 .text.GPIO_EXTILineConfig
                0x0000000000004722       0x2e ./Peripheral/src/ch32x035_gpio.o
                0x0000000000004722                GPIO_EXTILineConfig
 .text.NVIC_PriorityGroupConfig
                0x0000000000004750        0x6 ./Peripheral/src/ch32x035_misc.o
                0x0000000000004750                NVIC_PriorityGroupConfig
 .text.NVIC_Init
                0x0000000000004756       0x54 ./Peripheral/src/ch32x035_misc.o
                0x0000000000004756                NVIC_Init
 .text.OPA_Unlock
                0x00000000000047aa       0x1a ./Peripheral/src/ch32x035_opa.o
                0x00000000000047aa                OPA_Unlock
 .text.OPA_Init
                0x00000000000047c4       0xc4 ./Peripheral/src/ch32x035_opa.o
                0x00000000000047c4                OPA_Init
 .text.OPA_Cmd  0x0000000000004888       0x28 ./Peripheral/src/ch32x035_opa.o
                0x0000000000004888                OPA_Cmd
 .text.RCC_GetClocksFreq
                0x00000000000048b0       0x3e ./Peripheral/src/ch32x035_rcc.o
                0x00000000000048b0                RCC_GetClocksFreq
 .text.RCC_AHBPeriphClockCmd
                0x00000000000048ee       0x1e ./Peripheral/src/ch32x035_rcc.o
                0x00000000000048ee                RCC_AHBPeriphClockCmd
 .text.RCC_APB2PeriphClockCmd
                0x000000000000490c       0x1e ./Peripheral/src/ch32x035_rcc.o
                0x000000000000490c                RCC_APB2PeriphClockCmd
 .text.RCC_APB1PeriphClockCmd
                0x000000000000492a       0x1e ./Peripheral/src/ch32x035_rcc.o
                0x000000000000492a                RCC_APB1PeriphClockCmd
 .text.RCC_APB2PeriphResetCmd
                0x0000000000004948       0x1e ./Peripheral/src/ch32x035_rcc.o
                0x0000000000004948                RCC_APB2PeriphResetCmd
 .text.TIM_TimeBaseInit
                0x0000000000004966       0x56 ./Peripheral/src/ch32x035_tim.o
                0x0000000000004966                TIM_TimeBaseInit
 .text.TIM_Cmd  0x00000000000049bc       0x18 ./Peripheral/src/ch32x035_tim.o
                0x00000000000049bc                TIM_Cmd
 .text.TIM_ITConfig
                0x00000000000049d4       0x12 ./Peripheral/src/ch32x035_tim.o
                0x00000000000049d4                TIM_ITConfig
 .text.TIM_SetCounter
                0x00000000000049e6        0x4 ./Peripheral/src/ch32x035_tim.o
                0x00000000000049e6                TIM_SetCounter
 .text.TIM_GetITStatus
                0x00000000000049ea       0x18 ./Peripheral/src/ch32x035_tim.o
                0x00000000000049ea                TIM_GetITStatus
 .text.TIM_ClearITPendingBit
                0x0000000000004a02        0xc ./Peripheral/src/ch32x035_tim.o
                0x0000000000004a02                TIM_ClearITPendingBit
 .text.USART_Init
                0x0000000000004a0e       0x90 ./Peripheral/src/ch32x035_usart.o
                0x0000000000004a0e                USART_Init
 .text.USART_Cmd
                0x0000000000004a9e       0x16 ./Peripheral/src/ch32x035_usart.o
                0x0000000000004a9e                USART_Cmd
 .text.USART_SendData
                0x0000000000004ab4        0x8 ./Peripheral/src/ch32x035_usart.o
                0x0000000000004ab4                USART_SendData
 .text.USART_GetFlagStatus
                0x0000000000004abc        0xa ./Peripheral/src/ch32x035_usart.o
                0x0000000000004abc                USART_GetFlagStatus
 .text.Delay_Init
                0x0000000000004ac6       0x2a ./Debug/debug.o
                0x0000000000004ac6                Delay_Init
 .text.Delay_Us
                0x0000000000004af0       0x36 ./Debug/debug.o
                0x0000000000004af0                Delay_Us
 .text.Delay_Ms
                0x0000000000004b26       0x36 ./Debug/debug.o
                0x0000000000004b26                Delay_Ms
 .text.USART_Printf_Init
                0x0000000000004b5c       0x60 ./Debug/debug.o
                0x0000000000004b5c                USART_Printf_Init
 .text._write   0x0000000000004bbc       0x3e ./Debug/debug.o
                0x0000000000004bbc                _write
 .text.__get_MEPC
                0x0000000000004bfa        0x6 ./Core/core_riscv.o
                0x0000000000004bfa                __get_MEPC
 .text.__get_MCAUSE
                0x0000000000004c00        0x6 ./Core/core_riscv.o
                0x0000000000004c00                __get_MCAUSE
 .text.__get_MTVAL
                0x0000000000004c06        0x6 ./Core/core_riscv.o
                0x0000000000004c06                __get_MTVAL
 .text.printchar
                0x0000000000004c0c       0x4a /usr/share/MRS2/MRS-linux-x64/resources/app/resources/linux/components/WCH/Toolchain/RISC-V Embedded GCC12/bin/../lib/gcc/riscv-wch-elf/12.2.0/../../../../riscv-wch-elf/lib/rv32imac_xw/ilp32/libprintf.a(wchprintf.o)
                0x0000000000004c0c                printchar
 .text.prints   0x0000000000004c56       0xe0 /usr/share/MRS2/MRS-linux-x64/resources/app/resources/linux/components/WCH/Toolchain/RISC-V Embedded GCC12/bin/../lib/gcc/riscv-wch-elf/12.2.0/../../../../riscv-wch-elf/lib/rv32imac_xw/ilp32/libprintf.a(wchprintf.o)
                0x0000000000004c56                prints
 .text.printInt
                0x0000000000004d36       0xf2 /usr/share/MRS2/MRS-linux-x64/resources/app/resources/linux/components/WCH/Toolchain/RISC-V Embedded GCC12/bin/../lib/gcc/riscv-wch-elf/12.2.0/../../../../riscv-wch-elf/lib/rv32imac_xw/ilp32/libprintf.a(wchprintf.o)
                0x0000000000004d36                printInt
 .text.printLongLongInt
                0x0000000000004e28        0x4 /usr/share/MRS2/MRS-linux-x64/resources/app/resources/linux/components/WCH/Toolchain/RISC-V Embedded GCC12/bin/../lib/gcc/riscv-wch-elf/12.2.0/../../../../riscv-wch-elf/lib/rv32imac_xw/ilp32/libprintf.a(wchprintf.o)
                0x0000000000004e28                printLongLongInt
 .text.printDouble
                0x0000000000004e2c        0x4 /usr/share/MRS2/MRS-linux-x64/resources/app/resources/linux/components/WCH/Toolchain/RISC-V Embedded GCC12/bin/../lib/gcc/riscv-wch-elf/12.2.0/../../../../riscv-wch-elf/lib/rv32imac_xw/ilp32/libprintf.a(wchprintf.o)
                0x0000000000004e2c                printDouble
 .text.print    0x0000000000004e30      0x31e /usr/share/MRS2/MRS-linux-x64/resources/app/resources/linux/components/WCH/Toolchain/RISC-V Embedded GCC12/bin/../lib/gcc/riscv-wch-elf/12.2.0/../../../../riscv-wch-elf/lib/rv32imac_xw/ilp32/libprintf.a(wchprintf.o)
                0x0000000000004e30                print
 .text.printf   0x000000000000514e       0x24 /usr/share/MRS2/MRS-linux-x64/resources/app/resources/linux/components/WCH/Toolchain/RISC-V Embedded GCC12/bin/../lib/gcc/riscv-wch-elf/12.2.0/../../../../riscv-wch-elf/lib/rv32imac_xw/ilp32/libprintf.a(wchprintf.o)
                0x000000000000514e                printf
 .text.puts     0x0000000000005172       0x4a /usr/share/MRS2/MRS-linux-x64/resources/app/resources/linux/components/WCH/Toolchain/RISC-V Embedded GCC12/bin/../lib/gcc/riscv-wch-elf/12.2.0/../../../../riscv-wch-elf/lib/rv32imac_xw/ilp32/libprintf.a(wchprintf.o)
                0x0000000000005172                puts
 .text.memcpy   0x00000000000051bc      0x13c /usr/share/MRS2/MRS-linux-x64/resources/app/resources/linux/components/WCH/Toolchain/RISC-V Embedded GCC12/bin/../lib/gcc/riscv-wch-elf/12.2.0/../../../../riscv-wch-elf/lib/rv32imac_xw/ilp32/libc.a(lib_a-memcpy.o)
                0x00000000000051bc                memcpy
 *(.rodata)
 *fill*         0x00000000000052f8        0x0 
 .rodata        0x00000000000052f8       0x24 /tmp/cc5VQiym.ltrans0.ltrans.o
 *(.rodata*)
 .rodata.__assert.str1.4
                0x000000000000531c       0x25 /tmp/cc5VQiym.ltrans0.ltrans.o
 *fill*         0x0000000000005341        0x3 
 .rodata.PD_Test_DP_S.str1.4
                0x0000000000005344       0x8b /tmp/cc5VQiym.ltrans0.ltrans.o
 *fill*         0x00000000000053cf        0x1 
 .rodata.PD_PHY_Reset.str1.4
                0x00000000000053d0       0x29 /tmp/cc5VQiym.ltrans0.ltrans.o
 *fill*         0x00000000000053f9        0x3 
 .rodata.PD_Delay.str1.4
                0x00000000000053fc       0x41 /tmp/cc5VQiym.ltrans0.ltrans.o
 *fill*         0x000000000000543d        0x3 
 .rodata.HardFault_Handler.str1.4
                0x0000000000005440       0x79 /tmp/cc5VQiym.ltrans0.ltrans.o
 *fill*         0x00000000000054b9        0x3 
 .rodata.EXTI15_8_IRQHandler.str1.4
                0x00000000000054bc        0xf /tmp/cc5VQiym.ltrans0.ltrans.o
 *fill*         0x00000000000054cb        0x1 
 .rodata.USBPD_IRQHandler.str1.4
                0x00000000000054cc       0x5a /tmp/cc5VQiym.ltrans0.ltrans.o
 *fill*         0x0000000000005526        0x2 
 .rodata.main.str1.4
                0x0000000000005528      0x612 /tmp/cc5VQiym.ltrans0.ltrans.o
                                        0x61a (size before relaxing)
 *fill*         0x0000000000005b3a        0x2 
 .rodata.main   0x0000000000005b3c       0xa8 /tmp/cc5VQiym.ltrans0.ltrans.o
 .rodata.reason
                0x0000000000005be4      0x1a0 /tmp/cc5VQiym.ltrans0.ltrans.o
 .rodata.print.str1.4
                0x0000000000005d84        0x7 /usr/share/MRS2/MRS-linux-x64/resources/app/resources/linux/components/WCH/Toolchain/RISC-V Embedded GCC12/bin/../lib/gcc/riscv-wch-elf/12.2.0/../../../../riscv-wch-elf/lib/rv32imac_xw/ilp32/libprintf.a(wchprintf.o)
 *(.gnu.linkonce.t.*)
                0x0000000000005d8c                . = ALIGN (0x4)
 *fill*         0x0000000000005d8b        0x1 

.rela.dyn       0x0000000000005d8c        0x0
 .rela.init     0x0000000000005d8c        0x0 ./User/system_ch32x035.o
 .rela.vector   0x0000000000005d8c        0x0 ./User/system_ch32x035.o
 .rela.text.handle_reset
                0x0000000000005d8c        0x0 ./User/system_ch32x035.o

.fini           0x0000000000005d8c        0x0
 *(SORT_NONE(.fini))
                0x0000000000005d8c                . = ALIGN (0x4)
                [!provide]                        PROVIDE (_etext = .)
                [!provide]                        PROVIDE (_eitcm = .)

.preinit_array  0x0000000000005d8c        0x0
                [!provide]                        PROVIDE (__preinit_array_start = .)
 *(.preinit_array)
                [!provide]                        PROVIDE (__preinit_array_end = .)

.init_array     0x0000000000005d8c        0x0
                [!provide]                        PROVIDE (__init_array_start = .)
 *(SORT_BY_INIT_PRIORITY(.init_array.*) SORT_BY_INIT_PRIORITY(.ctors.*))
 *(.init_array EXCLUDE_FILE(*crtend?.o *crtend.o *crtbegin?.o *crtbegin.o) .ctors)
                [!provide]                        PROVIDE (__init_array_end = .)

.fini_array     0x0000000000005d8c        0x0
                [!provide]                        PROVIDE (__fini_array_start = .)
 *(SORT_BY_INIT_PRIORITY(.fini_array.*) SORT_BY_INIT_PRIORITY(.dtors.*))
 *(.fini_array EXCLUDE_FILE(*crtend?.o *crtend.o *crtbegin?.o *crtbegin.o) .dtors)
                [!provide]                        PROVIDE (__fini_array_end = .)

.ctors
 *crtbegin.o(.ctors)
 *crtbegin?.o(.ctors)
 *(EXCLUDE_FILE(*crtend?.o *crtend.o) .ctors)
 *(SORT_BY_NAME(.ctors.*))
 *(.ctors)

.dtors
 *crtbegin.o(.dtors)
 *crtbegin?.o(.dtors)
 *(EXCLUDE_FILE(*crtend?.o *crtend.o) .dtors)
 *(SORT_BY_NAME(.dtors.*))
 *(.dtors)

.dalign         0x0000000020000000        0x0 load address 0x0000000000005d8c
                0x0000000020000000                . = ALIGN (0x4)
                0x0000000020000000                PROVIDE (_data_vma = .)

.dlalign        0x0000000000005d8c        0x0
                0x0000000000005d8c                . = ALIGN (0x4)
                0x0000000000005d8c                PROVIDE (_data_lma = .)

.data           0x0000000020000000       0x34 load address 0x0000000000005d8c
 *(.gnu.linkonce.r.*)
 *(.data .data.*)
 .data.AHBPrescTable
                0x0000000020000000       0x10 ./User/system_ch32x035.o
                0x0000000020000000                AHBPrescTable
 .data.APBAHBPrescTable
                0x0000000020000010       0x10 ./Peripheral/src/ch32x035_rcc.o
 *(.gnu.linkonce.d.*)
                0x0000000020000020                . = ALIGN (0x8)
                0x0000000020000820                PROVIDE (__global_pointer$ = (. + 0x800))
 *(.sdata .sdata.*)
 .sdata.SystemCoreClock
                0x0000000020000020        0x4 ./User/system_ch32x035.o
                0x0000000020000020                SystemCoreClock
 .sdata.CFGHR_tmpA
                0x0000000020000024        0x4 ./Peripheral/src/ch32x035_gpio.o
                0x0000000020000024                CFGHR_tmpA
 .sdata.CFGHR_tmpB
                0x0000000020000028        0x4 ./Peripheral/src/ch32x035_gpio.o
                0x0000000020000028                CFGHR_tmpB
 .sdata.CFGHR_tmpC
                0x000000002000002c        0x4 ./Peripheral/src/ch32x035_gpio.o
                0x000000002000002c                CFGHR_tmpC
 *(.sdata2.*)
 *(.gnu.linkonce.s.*)
                0x0000000020000030                . = ALIGN (0x8)
 *(.srodata.cst16)
 *(.srodata.cst8)
 *(.srodata.cst4)
 *(.srodata.cst2)
 *(.srodata .srodata.*)
 .srodata.SRCCAP_5V1A5
                0x0000000020000030        0x4 /tmp/cc5VQiym.ltrans0.ltrans.o
                0x0000000020000034                . = ALIGN (0x4)
                0x0000000020000034                PROVIDE (_edata = .)

.bss            0x0000000020000034       0x58 load address 0x0000000000005dc0
                0x0000000020000034                . = ALIGN (0x4)
                0x0000000020000034                PROVIDE (_sbss = .)
 *(.sbss*)
 .sbss.USBPD_FSM
                0x0000000020000034        0x4 /tmp/cc5VQiym.ltrans0.ltrans.o
 .sbss.TIM1_CNT
                0x0000000020000038        0x4 /tmp/cc5VQiym.ltrans0.ltrans.o
 .sbss.NVIC_Priority_Group
                0x000000002000003c        0x4 ./Peripheral/src/ch32x035_misc.o
                0x000000002000003c                NVIC_Priority_Group
 .sbss.p_ms     0x0000000020000040        0x2 ./Debug/debug.o
 .sbss.p_us     0x0000000020000042        0x1 ./Debug/debug.o
 *(.gnu.linkonce.sb.*)
 *(.bss*)
 *fill*         0x0000000020000043        0x1 
 .bss.PD_Tx_Buf
                0x0000000020000044       0x22 /tmp/cc5VQiym.ltrans0.ltrans.o
 *fill*         0x0000000020000066        0x2 
 .bss.PD_Rx_Buf
                0x0000000020000068       0x22 /tmp/cc5VQiym.ltrans0.ltrans.o
 *(.gnu.linkonce.b.*)
 *(COMMON*)
                0x000000002000008c                . = ALIGN (0x4)
 *fill*         0x000000002000008a        0x2 
                0x000000002000008c                PROVIDE (_ebss = .)
                0x000000002000008c                PROVIDE (_end = _ebss)
                [!provide]                        PROVIDE (end = .)

.stack          0x0000000020004800      0x800
                0x0000000020004800                PROVIDE (_heap_end = .)
                0x0000000020004800                . = ALIGN (0x4)
                [!provide]                        PROVIDE (_susrstack = .)
                0x0000000020005000                . = (. + __stack_size)
 *fill*         0x0000000020004800      0x800 
                0x0000000020005000                PROVIDE (_eusrstack = .)
OUTPUT(pdaltmode.elf elf32-littleriscv)

.debug_info     0x0000000000000000    0x1a3b2
 .debug_info    0x0000000000000000     0xadc2 /tmp/cc5VQiym.ltrans0.ltrans.o
 .debug_info    0x000000000000adc2      0x50f /tmp/ccykx0cu.debug.temp.o
                0x000000000000adc2                ch32x035_it.c.812d39ba
 .debug_info    0x000000000000b2d1      0x397 /tmp/ccdhq2Lh.debug.temp.o
                0x000000000000b2d1                iic.c.f7656db2
 .debug_info    0x000000000000b668     0x25b5 /tmp/ccR7I7H2.debug.temp.o
                0x000000000000b668                main.c.ab49d0c1
 .debug_info    0x000000000000dc1d      0xb56 ./User/system_ch32x035.o
 .debug_info    0x000000000000e773       0x22 ./Startup/startup_ch32x035.o
 .debug_info    0x000000000000e795     0x15d6 ./Peripheral/src/ch32x035_adc.o
 .debug_info    0x000000000000fd6b      0xa94 ./Peripheral/src/ch32x035_dbgmcu.o
 .debug_info    0x00000000000107ff      0xc05 ./Peripheral/src/ch32x035_exti.o
 .debug_info    0x0000000000011404     0x11c9 ./Peripheral/src/ch32x035_gpio.o
 .debug_info    0x00000000000125cd      0xe36 ./Peripheral/src/ch32x035_misc.o
 .debug_info    0x0000000000013403     0x10a6 ./Peripheral/src/ch32x035_opa.o
 .debug_info    0x00000000000144a9      0xd8f ./Peripheral/src/ch32x035_rcc.o
 .debug_info    0x0000000000015238     0x2b87 ./Peripheral/src/ch32x035_tim.o
 .debug_info    0x0000000000017dbf     0x1333 ./Peripheral/src/ch32x035_usart.o
 .debug_info    0x00000000000190f2      0xf4a ./Debug/debug.o
 .debug_info    0x000000000001a03c      0x376 ./Core/core_riscv.o

.debug_abbrev   0x0000000000000000     0x2be4
 .debug_abbrev  0x0000000000000000      0x1d7 /tmp/cc5VQiym.ltrans0.ltrans.o
 .debug_abbrev  0x00000000000001d7      0x1ca /tmp/ccykx0cu.debug.temp.o
 .debug_abbrev  0x00000000000003a1      0x175 /tmp/ccdhq2Lh.debug.temp.o
 .debug_abbrev  0x0000000000000516      0x45f /tmp/ccR7I7H2.debug.temp.o
 .debug_abbrev  0x0000000000000975      0x258 ./User/system_ch32x035.o
 .debug_abbrev  0x0000000000000bcd       0x12 ./Startup/startup_ch32x035.o
 .debug_abbrev  0x0000000000000bdf      0x323 ./Peripheral/src/ch32x035_adc.o
 .debug_abbrev  0x0000000000000f02      0x2f7 ./Peripheral/src/ch32x035_dbgmcu.o
 .debug_abbrev  0x00000000000011f9      0x2da ./Peripheral/src/ch32x035_exti.o
 .debug_abbrev  0x00000000000014d3      0x34b ./Peripheral/src/ch32x035_gpio.o
 .debug_abbrev  0x000000000000181e      0x2ea ./Peripheral/src/ch32x035_misc.o
 .debug_abbrev  0x0000000000001b08      0x2ca ./Peripheral/src/ch32x035_opa.o
 .debug_abbrev  0x0000000000001dd2      0x326 ./Peripheral/src/ch32x035_rcc.o
 .debug_abbrev  0x00000000000020f8      0x418 ./Peripheral/src/ch32x035_tim.o
 .debug_abbrev  0x0000000000002510      0x312 ./Peripheral/src/ch32x035_usart.o
 .debug_abbrev  0x0000000000002822      0x2e2 ./Debug/debug.o
 .debug_abbrev  0x0000000000002b04       0xe0 ./Core/core_riscv.o

.debug_loclists
                0x0000000000000000     0x56de
 .debug_loclists
                0x0000000000000000     0x56de /tmp/cc5VQiym.ltrans0.ltrans.o

.debug_aranges  0x0000000000000000      0x9c8
 .debug_aranges
                0x0000000000000000       0xf0 /tmp/cc5VQiym.ltrans0.ltrans.o
 .debug_aranges
                0x00000000000000f0       0x28 ./User/system_ch32x035.o
 .debug_aranges
                0x0000000000000118       0x30 ./Startup/startup_ch32x035.o
 .debug_aranges
                0x0000000000000148      0x140 ./Peripheral/src/ch32x035_adc.o
 .debug_aranges
                0x0000000000000288       0x48 ./Peripheral/src/ch32x035_dbgmcu.o
 .debug_aranges
                0x00000000000002d0       0x50 ./Peripheral/src/ch32x035_exti.o
 .debug_aranges
                0x0000000000000320       0x98 ./Peripheral/src/ch32x035_gpio.o
 .debug_aranges
                0x00000000000003b8       0x28 ./Peripheral/src/ch32x035_misc.o
 .debug_aranges
                0x00000000000003e0       0x88 ./Peripheral/src/ch32x035_opa.o
 .debug_aranges
                0x0000000000000468       0x80 ./Peripheral/src/ch32x035_rcc.o
 .debug_aranges
                0x00000000000004e8      0x2f0 ./Peripheral/src/ch32x035_tim.o
 .debug_aranges
                0x00000000000007d8       0xf0 ./Peripheral/src/ch32x035_usart.o
 .debug_aranges
                0x00000000000008c8       0x50 ./Debug/debug.o
 .debug_aranges
                0x0000000000000918       0xb0 ./Core/core_riscv.o

.debug_rnglists
                0x0000000000000000     0x10c3
 .debug_rnglists
                0x0000000000000000     0x10c3 /tmp/cc5VQiym.ltrans0.ltrans.o

.debug_line     0x0000000000000000    0x11bec
 .debug_line    0x0000000000000000     0x7c5d /tmp/cc5VQiym.ltrans0.ltrans.o
 .debug_line    0x0000000000007c5d       0x75 /tmp/ccykx0cu.debug.temp.o
 .debug_line    0x0000000000007cd2       0x71 /tmp/ccdhq2Lh.debug.temp.o
 .debug_line    0x0000000000007d43       0xb4 /tmp/ccR7I7H2.debug.temp.o
 .debug_line    0x0000000000007df7      0x417 ./User/system_ch32x035.o
 .debug_line    0x000000000000820e      0x11e ./Startup/startup_ch32x035.o
 .debug_line    0x000000000000832c     0x157a ./Peripheral/src/ch32x035_adc.o
 .debug_line    0x00000000000098a6      0x3fe ./Peripheral/src/ch32x035_dbgmcu.o
 .debug_line    0x0000000000009ca4      0x652 ./Peripheral/src/ch32x035_exti.o
 .debug_line    0x000000000000a2f6     0x12ff ./Peripheral/src/ch32x035_gpio.o
 .debug_line    0x000000000000b5f5      0x459 ./Peripheral/src/ch32x035_misc.o
 .debug_line    0x000000000000ba4e      0xbad ./Peripheral/src/ch32x035_opa.o
 .debug_line    0x000000000000c5fb      0x842 ./Peripheral/src/ch32x035_rcc.o
 .debug_line    0x000000000000ce3d     0x3266 ./Peripheral/src/ch32x035_tim.o
 .debug_line    0x00000000000100a3      0xef2 ./Peripheral/src/ch32x035_usart.o
 .debug_line    0x0000000000010f95      0x7b7 ./Debug/debug.o
 .debug_line    0x000000000001174c      0x4a0 ./Core/core_riscv.o

.debug_str      0x0000000000000000     0x3ced
 .debug_str     0x0000000000000000      0x16e /tmp/cc5VQiym.ltrans0.ltrans.o
                                        0x17a (size before relaxing)
 .debug_str     0x000000000000016e      0x166 /tmp/ccykx0cu.debug.temp.o
                                        0x5c3 (size before relaxing)
 .debug_str     0x00000000000002d4       0x7c /tmp/ccdhq2Lh.debug.temp.o
                                        0x3d6 (size before relaxing)
 .debug_str     0x0000000000000350      0x993 /tmp/ccR7I7H2.debug.temp.o
                                       0x1b47 (size before relaxing)
 .debug_str     0x0000000000000ce3      0x62e ./User/system_ch32x035.o
                                        0x6bd (size before relaxing)
 .debug_str     0x0000000000001311       0x2a ./Startup/startup_ch32x035.o
                                         0x5f (size before relaxing)
 .debug_str     0x000000000000133b      0x62a ./Peripheral/src/ch32x035_adc.o
                                        0xc0a (size before relaxing)
 .debug_str     0x0000000000001965       0x8f ./Peripheral/src/ch32x035_dbgmcu.o
                                        0x64f (size before relaxing)
 .debug_str     0x00000000000019f4      0x1b4 ./Peripheral/src/ch32x035_exti.o
                                        0x796 (size before relaxing)
 .debug_str     0x0000000000001ba8      0x33b ./Peripheral/src/ch32x035_gpio.o
                                        0x955 (size before relaxing)
 .debug_str     0x0000000000001ee3      0x42d ./Peripheral/src/ch32x035_misc.o
                                        0xa1a (size before relaxing)
 .debug_str     0x0000000000002310      0x5e8 ./Peripheral/src/ch32x035_opa.o
                                        0xbf9 (size before relaxing)
 .debug_str     0x00000000000028f8      0x1c4 ./Peripheral/src/ch32x035_rcc.o
                                        0x859 (size before relaxing)
 .debug_str     0x0000000000002abc      0xc9d ./Peripheral/src/ch32x035_tim.o
                                       0x1389 (size before relaxing)
 .debug_str     0x0000000000003759      0x3d6 ./Peripheral/src/ch32x035_usart.o
                                        0xae2 (size before relaxing)
 .debug_str     0x0000000000003b2f       0xb7 ./Debug/debug.o
                                        0x8fa (size before relaxing)
 .debug_str     0x0000000000003be6      0x107 ./Core/core_riscv.o
                                        0x2a5 (size before relaxing)

.debug_line_str
                0x0000000000000000      0x472
 .debug_line_str
                0x0000000000000000       0x98 /tmp/cc5VQiym.ltrans0.ltrans.o
                                         0xf5 (size before relaxing)
 .debug_line_str
                0x0000000000000098      0x260 /tmp/ccykx0cu.debug.temp.o
                                        0x2f9 (size before relaxing)
 .debug_line_str
                0x00000000000002f8       0xc6 /tmp/ccdhq2Lh.debug.temp.o
                                        0x2c0 (size before relaxing)
 .debug_line_str
                0x00000000000003be       0xb4 /tmp/ccR7I7H2.debug.temp.o
                                        0x448 (size before relaxing)

.comment        0x0000000000000000       0x99
 .comment       0x0000000000000000       0x33 /tmp/cc5VQiym.ltrans0.ltrans.o
                                         0x34 (size before relaxing)
 .comment       0x0000000000000033       0x33 ./User/system_ch32x035.o
                                         0x34 (size before relaxing)
 .comment       0x0000000000000066       0x34 ./Peripheral/src/ch32x035_adc.o
 .comment       0x0000000000000066       0x34 ./Peripheral/src/ch32x035_dbgmcu.o
 .comment       0x0000000000000066       0x34 ./Peripheral/src/ch32x035_exti.o
 .comment       0x0000000000000066       0x34 ./Peripheral/src/ch32x035_gpio.o
 .comment       0x0000000000000066       0x34 ./Peripheral/src/ch32x035_misc.o
 .comment       0x0000000000000066       0x34 ./Peripheral/src/ch32x035_opa.o
 .comment       0x0000000000000066       0x34 ./Peripheral/src/ch32x035_rcc.o
 .comment       0x0000000000000066       0x34 ./Peripheral/src/ch32x035_tim.o
 .comment       0x0000000000000066       0x34 ./Peripheral/src/ch32x035_usart.o
 .comment       0x0000000000000066       0x34 ./Debug/debug.o
 .comment       0x0000000000000066       0x34 ./Core/core_riscv.o
 .comment       0x0000000000000066       0x33 /usr/share/MRS2/MRS-linux-x64/resources/app/resources/linux/components/WCH/Toolchain/RISC-V Embedded GCC12/bin/../lib/gcc/riscv-wch-elf/12.2.0/../../../../riscv-wch-elf/lib/rv32imac_xw/ilp32/libprintf.a(wchprintf.o)
                                         0x34 (size before relaxing)
 .comment       0x0000000000000099       0x34 /usr/share/MRS2/MRS-linux-x64/resources/app/resources/linux/components/WCH/Toolchain/RISC-V Embedded GCC12/bin/../lib/gcc/riscv-wch-elf/12.2.0/../../../../riscv-wch-elf/lib/rv32imac_xw/ilp32/libc.a(lib_a-memcpy.o)

.riscv.attributes
                0x0000000000000000       0x3a
 .riscv.attributes
                0x0000000000000000       0x3a /tmp/cc5VQiym.ltrans0.ltrans.o
 .riscv.attributes
                0x000000000000003a       0x38 /usr/share/MRS2/MRS-linux-x64/resources/app/resources/linux/components/WCH/Toolchain/RISC-V Embedded GCC12/bin/../lib/gcc/riscv-wch-elf/12.2.0/rv32imac_xw/ilp32/libgcc.a(save-restore.o)
 .riscv.attributes
                0x0000000000000072       0x3a /usr/share/MRS2/MRS-linux-x64/resources/app/resources/linux/components/WCH/Toolchain/RISC-V Embedded GCC12/bin/../lib/gcc/riscv-wch-elf/12.2.0/../../../../riscv-wch-elf/lib/rv32imac_xw/ilp32/libc.a(lib_a-memcpy.o)

.debug_frame    0x0000000000000000     0x15a4
 .debug_frame   0x0000000000000000      0x46c /tmp/cc5VQiym.ltrans0.ltrans.o
 .debug_frame   0x000000000000046c       0x30 ./User/system_ch32x035.o
 .debug_frame   0x000000000000049c      0x27c ./Peripheral/src/ch32x035_adc.o
 .debug_frame   0x0000000000000718       0x70 ./Peripheral/src/ch32x035_dbgmcu.o
 .debug_frame   0x0000000000000788       0x90 ./Peripheral/src/ch32x035_exti.o
 .debug_frame   0x0000000000000818      0x140 ./Peripheral/src/ch32x035_gpio.o
 .debug_frame   0x0000000000000958       0x30 ./Peripheral/src/ch32x035_misc.o
 .debug_frame   0x0000000000000988       0xf0 ./Peripheral/src/ch32x035_opa.o
 .debug_frame   0x0000000000000a78       0xfc ./Peripheral/src/ch32x035_rcc.o
 .debug_frame   0x0000000000000b74      0x654 ./Peripheral/src/ch32x035_tim.o
 .debug_frame   0x00000000000011c8      0x1e4 ./Peripheral/src/ch32x035_usart.o
 .debug_frame   0x00000000000013ac       0xb8 ./Debug/debug.o
 .debug_frame   0x0000000000001464      0x140 ./Core/core_riscv.o

.debug_loc      0x0000000000000000     0x3cad
 .debug_loc     0x0000000000000000       0x1f ./User/system_ch32x035.o
 .debug_loc     0x000000000000001f      0xa41 ./Peripheral/src/ch32x035_adc.o
 .debug_loc     0x0000000000000a60       0x6e ./Peripheral/src/ch32x035_dbgmcu.o
 .debug_loc     0x0000000000000ace      0x181 ./Peripheral/src/ch32x035_exti.o
 .debug_loc     0x0000000000000c4f      0x863 ./Peripheral/src/ch32x035_gpio.o
 .debug_loc     0x00000000000014b2       0x2d ./Peripheral/src/ch32x035_misc.o
 .debug_loc     0x00000000000014df      0x208 ./Peripheral/src/ch32x035_opa.o
 .debug_loc     0x00000000000016e7      0x34e ./Peripheral/src/ch32x035_rcc.o
 .debug_loc     0x0000000000001a35     0x19ec ./Peripheral/src/ch32x035_tim.o
 .debug_loc     0x0000000000003421      0x715 ./Peripheral/src/ch32x035_usart.o
 .debug_loc     0x0000000000003b36      0x177 ./Debug/debug.o

.debug_ranges   0x0000000000000000      0x888
 .debug_ranges  0x0000000000000000       0x18 ./User/system_ch32x035.o
 .debug_ranges  0x0000000000000018       0x28 ./Startup/startup_ch32x035.o
 .debug_ranges  0x0000000000000040      0x130 ./Peripheral/src/ch32x035_adc.o
 .debug_ranges  0x0000000000000170       0x50 ./Peripheral/src/ch32x035_dbgmcu.o
 .debug_ranges  0x00000000000001c0       0x40 ./Peripheral/src/ch32x035_exti.o
 .debug_ranges  0x0000000000000200       0x88 ./Peripheral/src/ch32x035_gpio.o
 .debug_ranges  0x0000000000000288       0x48 ./Peripheral/src/ch32x035_misc.o
 .debug_ranges  0x00000000000002d0       0x78 ./Peripheral/src/ch32x035_opa.o
 .debug_ranges  0x0000000000000348       0x70 ./Peripheral/src/ch32x035_rcc.o
 .debug_ranges  0x00000000000003b8      0x310 ./Peripheral/src/ch32x035_tim.o
 .debug_ranges  0x00000000000006c8       0xe0 ./Peripheral/src/ch32x035_usart.o
 .debug_ranges  0x00000000000007a8       0x40 ./Debug/debug.o
 .debug_ranges  0x00000000000007e8       0xa0 ./Core/core_riscv.o
